<html>
<body>
<pre>
<h1>礦ision Build Log</h1>
<h2>Tool Versions:</h2>
IDE-Version: μVision V5.14.2
Copyright (C) 2015 ARM Ltd and ARM Germany GmbH. All rights reserved.
License Information: Cortex-M3, Microsoft, LIC=LSNNN-Y4GU2-PZ9WB-27MWL-4VUYF-KJ1IE
 
Tool Versions:
Toolchain:       MDK-ARM Standard  Version: 5.11.0.0
Toolchain Path:  D:\Keil_v5\ARM\ARMCC\Bin
C Compiler:      Armcc.exe V5.04 update 1 (build 49)
Assembler:       Armasm.exe V5.04 update 1 (build 49)
Linker/Locator:  ArmLink.exe V5.04 update 1 (build 49)
Library Manager: ArmAr.exe V5.04 update 1 (build 49)
Hex Converter:   FromElf.exe V5.04 update 1 (build 49)
CPU DLL:         SARMCM3.DLL V5.11.0.0
Dialog DLL:      DCM.DLL V1.11.0.0
Target DLL:      Segger\JL2CM3.dll V2.97.0.0
Dialog DLL:      TCM.DLL V1.14.1.0
 
<h2>Project:</h2>
E:\周浦\work\程杰\soft\software\V0.0\10ml\prj\10bos.uvprojx
Project File Date:  06/05/2018

<h2>Output:</h2>
*** Using Compiler 'V5.04 update 1 (build 49)', folder: 'D:\Keil_v5\ARM\ARMCC\Bin'
Build target 'Target 1'
compiling stm32f10x_it.c...
compiling system_stm32f10x.c...
linking...
Program Size: Code=46612 RO-data=2628 RW-data=1572 ZI-data=30900  
FromELF: creating hex file...
".\10BOS.axf" - 0 Error(s), 0 Warning(s).

<h2>Software Packages used:</h2>

Package Vendor: ARM
                http://www.keil.com/pack/ARM.CMSIS.5.1.1.pack
                ARM::CMSIS:CORE:5.0.2
                CMSIS (Cortex Microcontroller Software Interface Standard)
   * Component: CORE Version: 5.0.2

<h2>Collection of Component include folders:</h2>
  E:\周浦\work\程杰\soft\software\V0.0\10ml\prj\RTE
  D:\Keil_v5\ARM\PACK\ARM\CMSIS\5.1.1\CMSIS\Include
  D:\Keil_v5\ARM\PACK\Keil\STM32F1xx_DFP\2.2.0\Device\Include

<h2>Collection of Component Files used:</h2>

   * Component: ARM::CMSIS:CORE:5.0.2
</pre>
</body>
</html>
