<html>
<body>
<pre>
<h1>礦ision Build Log</h1>
<h2>Project:</h2>
E:\D\jyj\work\新机型\薄膜按键板\CODE\OS\PRJ\10BOS.uvproj
Project File Date:  05/08/2015

<h2>Output:</h2>
Build target 'Target 1'
compiling Main.c...
compiling system_stm32f10x.c...
compiling GPIO.c...
..\SRC\BSP\GPIO.c(36): error:  #29: expected an expression
..\SRC\BSP\GPIO.c(39): warning:  #12-D: parsing restarts here after previous syntax error
Target not created
Build target 'Target 1'
compiling system_stm32f10x.c...
compiling GPIO.c...
linking...
Program Size: Code=27034 RO-data=11798 RW-data=144 ZI-data=26280  
"10BOS.axf" - 0 Error(s), 0 Warning(s).
Build target 'Target 1'
compiling system_stm32f10x.c...
compiling GPIO.c...
linking...
Program Size: Code=27034 RO-data=11798 RW-data=144 ZI-data=26280  
"10BOS.axf" - 0 Error(s), 0 Warning(s).
Build target 'Target 1'
compiling system_stm32f10x.c...
compiling GPIO.c...
linking...
Program Size: Code=27034 RO-data=11798 RW-data=144 ZI-data=26280  
"10BOS.axf" - 0 Error(s), 0 Warning(s).
