Product: MDK-ARM Standard 5.10
Component: ARM Compiler 5.04 update 1 (build 49)
Tool: armlink [5040049]

==============================================================================

Section Cross References

    stm32f10x_it.o(i.SysTick_Handler) refers to os_cpu_a.o(.text) for OS_CPU_SR_Save
    stm32f10x_it.o(i.SysTick_Handler) refers to os_core.o(.text) for OSTimeTick
    stm32f10x_it.o(i.SysTick_Handler) refers to stm32f10x_it.o(.data) for syscnt
    stm32f10x_it.o(i.SysTick_Handler) refers to os_core.o(.data) for OSIntNesting
    stm32f10x_it.o(i.TIM2_IRQHandler) refers to stm32f10x_tim.o(.text) for TIM_GetITStatus
    stm32f10x_it.o(i.TIM2_IRQHandler) refers to stm32f10x_gpio.o(.text) for GPIO_SetBits
    stm32f10x_it.o(i.TIM2_IRQHandler) refers to dadd.o(.text) for __aeabi_dadd
    stm32f10x_it.o(i.TIM2_IRQHandler) refers to cdrcmple.o(.text) for __aeabi_cdrcmple
    stm32f10x_it.o(i.TIM2_IRQHandler) refers to pump.o(.bss) for PumpCtl
    stm32f10x_it.o(i.TIM2_IRQHandler) refers to stm32f10x_it.o(.data) for reverse
    stm32f10x_it.o(i.TIM3_IRQHandler) refers to dadd.o(.text) for __aeabi_dsub
    stm32f10x_it.o(i.TIM3_IRQHandler) refers to dmul.o(.text) for __aeabi_dmul
    stm32f10x_it.o(i.TIM3_IRQHandler) refers to ddiv.o(.text) for __aeabi_ddiv
    stm32f10x_it.o(i.TIM3_IRQHandler) refers to dflti.o(.text) for __aeabi_i2d
    stm32f10x_it.o(i.TIM3_IRQHandler) refers to dfixui.o(.text) for __aeabi_d2uiz
    stm32f10x_it.o(i.TIM3_IRQHandler) refers to stm32f10x_tim.o(.text) for TIM_GetITStatus
    stm32f10x_it.o(i.TIM3_IRQHandler) refers to ffltui.o(.text) for __aeabi_ui2f
    stm32f10x_it.o(i.TIM3_IRQHandler) refers to fdiv.o(.text) for __aeabi_fdiv
    stm32f10x_it.o(i.TIM3_IRQHandler) refers to f2d.o(.text) for __aeabi_f2d
    stm32f10x_it.o(i.TIM3_IRQHandler) refers to cdcmple.o(.text) for __aeabi_cdcmple
    stm32f10x_it.o(i.TIM3_IRQHandler) refers to cdrcmple.o(.text) for __aeabi_cdrcmple
    stm32f10x_it.o(i.TIM3_IRQHandler) refers to pump.o(i.GetFlowPara) for GetFlowPara
    stm32f10x_it.o(i.TIM3_IRQHandler) refers to dfltui.o(.text) for __aeabi_ui2d
    stm32f10x_it.o(i.TIM3_IRQHandler) refers to pid.o(i.PID_Calc) for PID_Calc
    stm32f10x_it.o(i.TIM3_IRQHandler) refers to pump.o(.bss) for PumpCtl
    stm32f10x_it.o(i.TIM3_IRQHandler) refers to pid.o(.bss) for Cnt_PID
    stm32f10x_it.o(i.TIM4_IRQHandler) refers to stm32f10x_tim.o(.text) for TIM_GetITStatus
    stm32f10x_it.o(i.TIM4_IRQHandler) refers to pump.o(i.GetFlowPara) for GetFlowPara
    stm32f10x_it.o(i.TIM4_IRQHandler) refers to ffltui.o(.text) for __aeabi_ui2f
    stm32f10x_it.o(i.TIM4_IRQHandler) refers to f2d.o(.text) for __aeabi_f2d
    stm32f10x_it.o(i.TIM4_IRQHandler) refers to ddiv.o(.text) for __aeabi_ddiv
    stm32f10x_it.o(i.TIM4_IRQHandler) refers to dadd.o(.text) for __aeabi_dadd
    stm32f10x_it.o(i.TIM4_IRQHandler) refers to pump.o(.bss) for PumpCtl
    stm32f10x_it.o(i.UART4_IRQHandler) refers to stm32f10x_usart.o(.text) for USART_GetITStatus
    stm32f10x_it.o(i.UART4_IRQHandler) refers to communication.o(.bss) for frameData
    stm32f10x_it.o(i.UART4_IRQHandler) refers to stm32f10x_it.o(.data) for syscnt
    stm32f10x_it.o(i.USART1_IRQHandler) refers to stm32f10x_usart.o(.text) for USART_GetITStatus
    stm32f10x_it.o(i.USART2_IRQHandler) refers to stm32f10x_usart.o(.text) for USART_GetITStatus
    stm32f10x_it.o(i.USART3_IRQHandler) refers to stm32f10x_usart.o(.text) for USART_GetITStatus
    main.o(i.OSCreateEvent) refers to os_mbox.o(.text) for OSMboxCreate
    main.o(i.OSCreateEvent) refers to main.o(.data) for KeyMbox
    main.o(i.TaskBZ) refers to stm32f10x_gpio.o(.text) for GPIO_ResetBits
    main.o(i.TaskBZ) refers to os_time.o(.text) for OSTimeDly
    main.o(i.TaskBZ) refers to os_task.o(.text) for OSTaskDel
    main.o(i.TaskInit) refers to rcc.o(i.RCC_Configuration) for RCC_Configuration
    main.o(i.TaskInit) refers to tim.o(i.TIM_Configuration) for TIM_Configuration
    main.o(i.TaskInit) refers to nvic.o(i.NVIC_Configuration) for NVIC_Configuration
    main.o(i.TaskInit) refers to gpio.o(i.GPIO_Configuration) for GPIO_Configuration
    main.o(i.TaskInit) refers to usart.o(i.USART_Configuration) for USART_Configuration
    main.o(i.TaskInit) refers to flash.o(i.Read_Flash) for Read_Flash
    main.o(i.TaskInit) refers to oled.o(i.OLED_Initial) for OLED_Initial
    main.o(i.TaskInit) refers to interface.o(i.interface0) for interface0
    main.o(i.TaskInit) refers to os_core.o(.text) for OSStatInit
    main.o(i.TaskInit) refers to os_task.o(.text) for OSTaskCreate
    main.o(i.TaskInit) refers to os_time.o(.text) for OSTimeDly
    main.o(i.TaskInit) refers to main.o(.bss) for TaskStkMain
    main.o(i.TaskInit) refers to interface.o(i.TaskMain) for TaskMain
    main.o(i.TaskInit) refers to main.o(i.TaskPUMP) for TaskPUMP
    main.o(i.TaskInit) refers to main.o(i.TaskKey) for TaskKey
    main.o(i.TaskInit) refers to communication.o(i.TaskPC) for TaskPC
[...]
    _clock_init                               - Undefined Weak Reference
    _microlib_exit                            - Undefined Weak Reference
    __Vectors_Size                           0x00000130   Number         0  startup_stm32f10x_hd.o ABSOLUTE
    __Vectors                                0x08000000   Data           4  startup_stm32f10x_hd.o(RESET)
    __Vectors_End                            0x08000130   Data           0  startup_stm32f10x_hd.o(RESET)
    __main                                   0x08000131   Thumb Code     0  entry.o(.ARM.Collect$$$$00000000)
    _main_stk                                0x08000131   Thumb Code     0  entry2.o(.ARM.Collect$$$$00000001)
    _main_scatterload                        0x08000135   Thumb Code     0  entry5.o(.ARM.Collect$$$$00000004)
    __main_after_scatterload                 0x08000139   Thumb Code     0  entry5.o(.ARM.Collect$$$$00000004)
    _main_clock                              0x08000139   Thumb Code     0  entry7b.o(.ARM.Collect$$$$00000008)
    _main_cpp_init                           0x08000139   Thumb Code     0  entry8b.o(.ARM.Collect$$$$0000000A)
    _main_init                               0x08000139   Thumb Code     0  entry9a.o(.ARM.Collect$$$$0000000B)
    __rt_final_cpp                           0x08000141   Thumb Code     0  entry10a.o(.ARM.Collect$$$$0000000D)
    __rt_final_exit                          0x08000141   Thumb Code     0  entry11a.o(.ARM.Collect$$$$0000000F)
    Reset_Handler                            0x08000145   Thumb Code     8  startup_stm32f10x_hd.o(.text)
    ADC1_2_IRQHandler                        0x0800015f   Thumb Code     0  startup_stm32f10x_hd.o(.text)
    ADC3_IRQHandler                          0x0800015f   Thumb Code     0  startup_stm32f10x_hd.o(.text)
    CAN1_RX1_IRQHandler                      0x0800015f   Thumb Code     0  startup_stm32f10x_hd.o(.text)
    CAN1_SCE_IRQHandler                      0x0800015f   Thumb Code     0  startup_stm32f10x_hd.o(.text)
    DMA1_Channel1_IRQHandler                 0x0800015f   Thumb Code     0  startup_stm32f10x_hd.o(.text)
    DMA1_Channel2_IRQHandler                 0x0800015f   Thumb Code     0  startup_stm32f10x_hd.o(.text)
    DMA1_Channel3_IRQHandler                 0x0800015f   Thumb Code     0  startup_stm32f10x_hd.o(.text)
    DMA1_Channel4_IRQHandler                 0x0800015f   Thumb Code     0  startup_stm32f10x_hd.o(.text)
    DMA1_Channel5_IRQHandler                 0x0800015f   Thumb Code     0  startup_stm32f10x_hd.o(.text)
    DMA1_Channel6_IRQHandler                 0x0800015f   Thumb Code     0  startup_stm32f10x_hd.o(.text)
    DMA1_Channel7_IRQHandler                 0x0800015f   Thumb Code     0  startup_stm32f10x_hd.o(.text)
    DMA2_Channel1_IRQHandler                 0x0800015f   Thumb Code     0  startup_stm32f10x_hd.o(.text)
    DMA2_Channel2_IRQHandler                 0x0800015f   Thumb Code     0  startup_stm32f10x_hd.o(.text)
    DMA2_Channel3_IRQHandler                 0x0800015f   Thumb Code     0  startup_stm32f10x_hd.o(.text)
    DMA2_Channel4_5_IRQHandler               0x0800015f   Thumb Code     0  startup_stm32f10x_hd.o(.text)
    FSMC_IRQHandler                          0x0800015f   Thumb Code     0  startup_stm32f10x_hd.o(.text)
    SDIO_IRQHandler                          0x0800015f   Thumb Code     0  startup_stm32f10x_hd.o(.text)
    SPI3_IRQHandler                          0x0800015f   Thumb Code     0  startup_stm32f10x_hd.o(.text)
    TIM5_IRQHandler                          0x0800015f   Thumb Code     0  startup_stm32f10x_hd.o(.text)
    TIM6_IRQHandler                          0x0800015f   Thumb Code     0  startup_stm32f10x_hd.o(.text)
    TIM7_IRQHandler                          0x0800015f   Thumb Code     0  startup_stm32f10x_hd.o(.text)
    TIM8_BRK_IRQHandler                      0x0800015f   Thumb Code     0  startup_stm32f10x_hd.o(.text)
    TIM8_CC_IRQHandler                       0x0800015f   Thumb Code     0  startup_stm32f10x_hd.o(.text)
    TIM8_TRG_COM_IRQHandler                  0x0800015f   Thumb Code     0  startup_stm32f10x_hd.o(.text)
    TIM8_UP_IRQHandler                       0x0800015f   Thumb Code     0  startup_stm32f10x_hd.o(.text)
    UART5_IRQHandler                         0x0800015f   Thumb Code     0  startup_stm32f10x_hd.o(.text)
    USB_HP_CAN1_TX_IRQHandler                0x0800015f   Thumb Code     0  startup_stm32f10x_hd.o(.text)
    USB_LP_CAN1_RX0_IRQHandler               0x0800015f   Thumb Code     0  startup_stm32f10x_hd.o(.text)
    NVIC_PriorityGroupConfig                 0x08000169   Thumb Code    10  misc.o(.text)
    NVIC_Init                                0x08000173   Thumb Code   102  misc.o(.text)
    NVIC_SetVectorTable                      0x080001d9   Thumb Code    14  misc.o(.text)
    NVIC_SystemLPConfig                      0x080001e7   Thumb Code    38  misc.o(.text)
    SysTick_CLKSourceConfig                  0x0800020d   Thumb Code    40  misc.o(.text)
    FLASH_SetLatency                         0x08000249   Thumb Code    16  stm32f10x_flash.o(.text)
    FLASH_HalfCycleAccessCmd                 0x08000259   Thumb Code    22  stm32f10x_flash.o(.text)
    FLASH_PrefetchBufferCmd                  0x0800026f   Thumb Code    22  stm32f10x_flash.o(.text)
    FLASH_Unlock                             0x08000285   Thumb Code    12  stm32f10x_flash.o(.text)
    FLASH_UnlockBank1                        0x08000291   Thumb Code    12  stm32f10x_flash.o(.text)
    FLASH_Lock                               0x0800029d   Thumb Code    14  stm32f10x_flash.o(.text)
    FLASH_LockBank1                          0x080002ab   Thumb Code    14  stm32f10x_flash.o(.text)
    FLASH_GetBank1Status                     0x080002b9   Thumb Code    50  stm32f10x_flash.o(.text)
    FLASH_WaitForLastOperation               0x080002eb   Thumb Code    38  stm32f10x_flash.o(.text)
    FLASH_ErasePage                          0x08000311   Thumb Code    72  stm32f10x_flash.o(.text)
    FLASH_EraseAllPages                      0x08000359   Thumb Code    68  stm32f10x_flash.o(.text)
    FLASH_WaitForLastBank1Operation          0x0800039d   Thumb Code    38  stm32f10x_flash.o(.text)
    FLASH_EraseAllBank1Pages                 0x080003c3   Thumb Code    68  stm32f10x_flash.o(.text)
    FLASH_GetReadOutProtectionStatus         0x08000407   Thumb Code    20  stm32f10x_flash.o(.text)
    FLASH_EraseOptionBytes                   0x0800041b   Thumb Code   150  stm32f10x_flash.o(.text)
    FLASH_ProgramWord                        0x080004b1   Thumb Code    96  stm32f10x_flash.o(.text)
    FLASH_ProgramHalfWord                    0x08000511   Thumb Code    60  stm32f10x_flash.o(.text)
    FLASH_ProgramOptionByteData              0x0800054d   Thumb Code    72  stm32f10x_flash.o(.text)
    FLASH_EnableWriteProtection              0x08000595   Thumb Code   220  stm32f10x_flash.o(.text)
    FLASH_ReadOutProtection                  0x08000671   Thumb Code   156  stm32f10x_flash.o(.text)
    FLASH_UserOptionByteConfig               0x0800070d   Thumb Code    88  stm32f10x_flash.o(.text)
    FLASH_GetUserOptionByte                  0x08000765   Thumb Code     8  stm32f10x_flash.o(.text)
    FLASH_GetWriteProtectionOptionByte       0x0800076d   Thumb Code     6  stm32f10x_flash.o(.text)
    FLASH_GetPrefetchBufferStatus            0x08000773   Thumb Code    20  stm32f10x_flash.o(.text)
    FLASH_ITConfig                           0x08000787   Thumb Code    26  stm32f10x_flash.o(.text)
    FLASH_GetFlagStatus                      0x080007a1   Thumb Code    42  stm32f10x_flash.o(.text)
    FLASH_ClearFlag                          0x080007cb   Thumb Code     6  stm32f10x_flash.o(.text)
    FLASH_GetStatus                          0x080007d1   Thumb Code    50  stm32f10x_flash.o(.text)
    GPIO_DeInit                              0x08000815   Thumb Code   172  stm32f10x_gpio.o(.text)
    GPIO_AFIODeInit                          0x080008c1   Thumb Code    20  stm32f10x_gpio.o(.text)
    GPIO_Init                                0x080008d5   Thumb Code   268  stm32f10x_gpio.o(.text)
    GPIO_StructInit                          0x080009e1   Thumb Code    16  stm32f10x_gpio.o(.text)
    GPIO_ReadInputDataBit                    0x080009f1   Thumb Code    18  stm32f10x_gpio.o(.text)
    GPIO_ReadInputData                       0x08000a03   Thumb Code     8  stm32f10x_gpio.o(.text)
    GPIO_ReadOutputDataBit                   0x08000a0b   Thumb Code    18  stm32f10x_gpio.o(.text)
    GPIO_ReadOutputData                      0x08000a1d   Thumb Code     8  stm32f10x_gpio.o(.text)
    GPIO_SetBits                             0x08000a25   Thumb Code     4  stm32f10x_gpio.o(.text)
    GPIO_ResetBits                           0x08000a29   Thumb Code     4  stm32f10x_gpio.o(.text)
    GPIO_WriteBit                            0x08000a2d   Thumb Code    10  stm32f10x_gpio.o(.text)
    GPIO_Write                               0x08000a37   Thumb Code     4  stm32f10x_gpio.o(.text)
    GPIO_PinLockConfig                       0x08000a3b   Thumb Code    18  stm32f10x_gpio.o(.text)
    GPIO_EventOutputConfig                   0x08000a4d   Thumb Code    24  stm32f10x_gpio.o(.text)
    GPIO_EventOutputCmd                      0x08000a65   Thumb Code     6  stm32f10x_gpio.o(.text)
    GPIO_PinRemapConfig                      0x08000a6b   Thumb Code   136  stm32f10x_gpio.o(.text)
    GPIO_EXTILineConfig                      0x08000af3   Thumb Code    60  stm32f10x_gpio.o(.text)
    GPIO_ETH_MediaInterfaceConfig            0x08000b2f   Thumb Code     8  stm32f10x_gpio.o(.text)
    RCC_DeInit                               0x08000b5d   Thumb Code    64  stm32f10x_rcc.o(.text)
    RCC_HSEConfig                            0x08000b9d   Thumb Code    70  stm32f10x_rcc.o(.text)
    RCC_GetFlagStatus                        0x08000be3   Thumb Code    56  stm32f10x_rcc.o(.text)
    RCC_WaitForHSEStartUp                    0x08000c1b   Thumb Code    48  stm32f10x_rcc.o(.text)
    RCC_AdjustHSICalibrationValue            0x08000c4b   Thumb Code    18  stm32f10x_rcc.o(.text)
    RCC_HSICmd                               0x08000c5d   Thumb Code     6  stm32f10x_rcc.o(.text)
    RCC_PLLConfig                            0x08000c63   Thumb Code    22  stm32f10x_rcc.o(.text)
    RCC_PLLCmd                               0x08000c79   Thumb Code     6  stm32f10x_rcc.o(.text)
    RCC_SYSCLKConfig                         0x08000c7f   Thumb Code    16  stm32f10x_rcc.o(.text)
    RCC_GetSYSCLKSource                      0x08000c8f   Thumb Code    10  stm32f10x_rcc.o(.text)
    RCC_HCLKConfig                           0x08000c99   Thumb Code    16  stm32f10x_rcc.o(.text)
    RCC_PCLK1Config                          0x08000ca9   Thumb Code    16  stm32f10x_rcc.o(.text)
    RCC_PCLK2Config                          0x08000cb9   Thumb Code    18  stm32f10x_rcc.o(.text)
    RCC_ITConfig                             0x08000ccb   Thumb Code    30  stm32f10x_rcc.o(.text)
    RCC_USBCLKConfig                         0x08000ce9   Thumb Code     8  stm32f10x_rcc.o(.text)
    RCC_ADCCLKConfig                         0x08000cf1   Thumb Code    16  stm32f10x_rcc.o(.text)
    RCC_LSEConfig                            0x08000d01   Thumb Code    50  stm32f10x_rcc.o(.text)
    RCC_LSICmd                               0x08000d33   Thumb Code     6  stm32f10x_rcc.o(.text)
    RCC_RTCCLKConfig                         0x08000d39   Thumb Code    12  stm32f10x_rcc.o(.text)
    RCC_RTCCLKCmd                            0x08000d45   Thumb Code     8  stm32f10x_rcc.o(.text)
    RCC_GetClocksFreq                        0x08000d4d   Thumb Code   194  stm32f10x_rcc.o(.text)
    RCC_AHBPeriphClockCmd                    0x08000e0f   Thumb Code    26  stm32f10x_rcc.o(.text)
    RCC_APB2PeriphClockCmd                   0x08000e29   Thumb Code    26  stm32f10x_rcc.o(.text)
    RCC_APB1PeriphClockCmd                   0x08000e43   Thumb Code    26  stm32f10x_rcc.o(.text)
    RCC_APB2PeriphResetCmd                   0x08000e5d   Thumb Code    26  stm32f10x_rcc.o(.text)
    RCC_APB1PeriphResetCmd                   0x08000e77   Thumb Code    26  stm32f10x_rcc.o(.text)
    RCC_BackupResetCmd                       0x08000e91   Thumb Code     8  stm32f10x_rcc.o(.text)
    RCC_ClockSecuritySystemCmd               0x08000e99   Thumb Code     6  stm32f10x_rcc.o(.text)
    RCC_MCOConfig                            0x08000e9f   Thumb Code     6  stm32f10x_rcc.o(.text)
    RCC_ClearFlag                            0x08000ea5   Thumb Code    14  stm32f10x_rcc.o(.text)
    RCC_GetITStatus                          0x08000eb3   Thumb Code    20  stm32f10x_rcc.o(.text)
    RCC_ClearITPendingBit                    0x08000ec7   Thumb Code     6  stm32f10x_rcc.o(.text)
    TIM_DeInit                               0x08000eed   Thumb Code   424  stm32f10x_tim.o(.text)
    TIM_TimeBaseInit                         0x08001095   Thumb Code   122  stm32f10x_tim.o(.text)
    TIM_OC1Init                              0x0800110f   Thumb Code   132  stm32f10x_tim.o(.text)
    TIM_OC2Init                              0x08001193   Thumb Code   146  stm32f10x_tim.o(.text)
    TIM_OC3Init                              0x08001225   Thumb Code   142  stm32f10x_tim.o(.text)
    TIM_OC4Init                              0x080012b3   Thumb Code   172  stm32f10x_tim.o(.text)
    TIM_SetIC4Prescaler                      0x0800135f   Thumb Code    22  stm32f10x_tim.o(.text)
    TIM_SetIC3Prescaler                      0x080013e7   Thumb Code    18  stm32f10x_tim.o(.text)
    TIM_SetIC2Prescaler                      0x08001467   Thumb Code    22  stm32f10x_tim.o(.text)
    TIM_SetIC1Prescaler                      0x080014ef   Thumb Code    18  stm32f10x_tim.o(.text)
    TIM_ICInit                               0x08001567   Thumb Code   150  stm32f10x_tim.o(.text)
    TIM_PWMIConfig                           0x080015fd   Thumb Code   124  stm32f10x_tim.o(.text)
    TIM_BDTRConfig                           0x08001679   Thumb Code    32  stm32f10x_tim.o(.text)
    TIM_TimeBaseStructInit                   0x08001699   Thumb Code    18  stm32f10x_tim.o(.text)
    TIM_OCStructInit                         0x080016ab   Thumb Code    20  stm32f10x_tim.o(.text)
    TIM_ICStructInit                         0x080016bf   Thumb Code    18  stm32f10x_tim.o(.text)
    TIM_BDTRStructInit                       0x080016d1   Thumb Code    18  stm32f10x_tim.o(.text)
    TIM_Cmd                                  0x080016e3   Thumb Code    24  stm32f10x_tim.o(.text)
    TIM_CtrlPWMOutputs                       0x080016fb   Thumb Code    50  stm32f10x_tim.o(.text)
    TIM_ITConfig                             0x0800172d   Thumb Code    24  stm32f10x_tim.o(.text)
    TIM_GenerateEvent                        0x08001745   Thumb Code     4  stm32f10x_tim.o(.text)
    TIM_DMAConfig                            0x08001749   Thumb Code    10  stm32f10x_tim.o(.text)
    TIM_DMACmd                               0x08001753   Thumb Code    24  stm32f10x_tim.o(.text)
    TIM_InternalClockConfig                  0x0800176b   Thumb Code    12  stm32f10x_tim.o(.text)
    TIM_SelectInputTrigger                   0x08001777   Thumb Code    16  stm32f10x_tim.o(.text)
    TIM_ITRxExternalClockConfig              0x08001787   Thumb Code    24  stm32f10x_tim.o(.text)
    TIM_TIxExternalClockConfig               0x0800179f   Thumb Code    62  stm32f10x_tim.o(.text)
    TIM_ETRConfig                            0x080017dd   Thumb Code    22  stm32f10x_tim.o(.text)
    TIM_ETRClockMode1Config                  0x080017f3   Thumb Code    54  stm32f10x_tim.o(.text)
    TIM_ETRClockMode2Config                  0x08001829   Thumb Code    32  stm32f10x_tim.o(.text)
    TIM_PrescalerConfig                      0x08001849   Thumb Code     6  stm32f10x_tim.o(.text)
    TIM_CounterModeConfig                    0x0800184f   Thumb Code    16  stm32f10x_tim.o(.text)
    TIM_EncoderInterfaceConfig               0x0800185f   Thumb Code    56  stm32f10x_tim.o(.text)
    TIM_ForcedOC1Config                      0x08001897   Thumb Code    16  stm32f10x_tim.o(.text)
    TIM_ForcedOC2Config                      0x080018a7   Thumb Code    20  stm32f10x_tim.o(.text)
    TIM_ForcedOC3Config                      0x080018bb   Thumb Code    16  stm32f10x_tim.o(.text)
    TIM_ForcedOC4Config                      0x080018cb   Thumb Code    20  stm32f10x_tim.o(.text)
    TIM_ARRPreloadConfig                     0x080018df   Thumb Code    24  stm32f10x_tim.o(.text)
    TIM_SelectCOM                            0x080018f7   Thumb Code    24  stm32f10x_tim.o(.text)
    TIM_SelectCCDMA                          0x0800190f   Thumb Code    24  stm32f10x_tim.o(.text)
    TIM_CCPreloadControl                     0x08001927   Thumb Code    24  stm32f10x_tim.o(.text)
    TIM_OC1PreloadConfig                     0x0800193f   Thumb Code    16  stm32f10x_tim.o(.text)
    TIM_OC2PreloadConfig                     0x0800194f   Thumb Code    20  stm32f10x_tim.o(.text)
    TIM_OC3PreloadConfig                     0x08001963   Thumb Code    16  stm32f10x_tim.o(.text)
    TIM_OC4PreloadConfig                     0x08001973   Thumb Code    20  stm32f10x_tim.o(.text)
    TIM_OC1FastConfig                        0x08001987   Thumb Code    16  stm32f10x_tim.o(.text)
    TIM_OC2FastConfig                        0x08001997   Thumb Code    20  stm32f10x_tim.o(.text)
    TIM_OC3FastConfig                        0x080019ab   Thumb Code    16  stm32f10x_tim.o(.text)
    TIM_OC4FastConfig                        0x080019bb   Thumb Code    20  stm32f10x_tim.o(.text)
    TIM_ClearOC1Ref                          0x080019cf   Thumb Code    16  stm32f10x_tim.o(.text)
    TIM_ClearOC2Ref                          0x080019df   Thumb Code    18  stm32f10x_tim.o(.text)
    TIM_ClearOC3Ref                          0x080019f1   Thumb Code    16  stm32f10x_tim.o(.text)
    TIM_ClearOC4Ref                          0x08001a01   Thumb Code    18  stm32f10x_tim.o(.text)
    TIM_OC1PolarityConfig                    0x08001a13   Thumb Code    16  stm32f10x_tim.o(.text)
    TIM_OC1NPolarityConfig                   0x08001a23   Thumb Code    16  stm32f10x_tim.o(.text)
    TIM_OC2PolarityConfig                    0x08001a33   Thumb Code    20  stm32f10x_tim.o(.text)
    TIM_OC2NPolarityConfig                   0x08001a47   Thumb Code    20  stm32f10x_tim.o(.text)
    TIM_OC3PolarityConfig                    0x08001a5b   Thumb Code    20  stm32f10x_tim.o(.text)
    TIM_OC3NPolarityConfig                   0x08001a6f   Thumb Code    20  stm32f10x_tim.o(.text)
    TIM_OC4PolarityConfig                    0x08001a83   Thumb Code    20  stm32f10x_tim.o(.text)
    TIM_CCxCmd                               0x08001a97   Thumb Code    34  stm32f10x_tim.o(.text)
    TIM_CCxNCmd                              0x08001ab9   Thumb Code    34  stm32f10x_tim.o(.text)
    TIM_SelectOCxM                           0x08001adb   Thumb Code    82  stm32f10x_tim.o(.text)
    TIM_UpdateDisableConfig                  0x08001b2d   Thumb Code    24  stm32f10x_tim.o(.text)
    TIM_UpdateRequestConfig                  0x08001b45   Thumb Code    24  stm32f10x_tim.o(.text)
    TIM_SelectHallSensor                     0x08001b5d   Thumb Code    24  stm32f10x_tim.o(.text)
    TIM_SelectOnePulseMode                   0x08001b75   Thumb Code    18  stm32f10x_tim.o(.text)
    TIM_SelectOutputTrigger                  0x08001b87   Thumb Code    18  stm32f10x_tim.o(.text)
    TIM_SelectSlaveMode                      0x08001b99   Thumb Code    18  stm32f10x_tim.o(.text)
    TIM_SelectMasterSlaveMode                0x08001bab   Thumb Code    18  stm32f10x_tim.o(.text)
    TIM_SetCounter                           0x08001bbd   Thumb Code     4  stm32f10x_tim.o(.text)
    TIM_SetAutoreload                        0x08001bc1   Thumb Code     4  stm32f10x_tim.o(.text)
    TIM_SetCompare1                          0x08001bc5   Thumb Code     4  stm32f10x_tim.o(.text)
    TIM_SetCompare2                          0x08001bc9   Thumb Code     4  stm32f10x_tim.o(.text)
    TIM_SetCompare3                          0x08001bcd   Thumb Code     4  stm32f10x_tim.o(.text)
    TIM_SetCompare4                          0x08001bd1   Thumb Code     6  stm32f10x_tim.o(.text)
    TIM_SetClockDivision                     0x08001bd7   Thumb Code    18  stm32f10x_tim.o(.text)
    TIM_GetCapture1                          0x08001be9   Thumb Code     6  stm32f10x_tim.o(.text)
    TIM_GetCapture2                          0x08001bef   Thumb Code     6  stm32f10x_tim.o(.text)
    TIM_GetCapture3                          0x08001bf5   Thumb Code     6  stm32f10x_tim.o(.text)
    TIM_GetCapture4                          0x08001bfb   Thumb Code     8  stm32f10x_tim.o(.text)
    TIM_GetCounter                           0x08001c03   Thumb Code     6  stm32f10x_tim.o(.text)
    TIM_GetPrescaler                         0x08001c09   Thumb Code     6  stm32f10x_tim.o(.text)
    TIM_GetFlagStatus                        0x08001c0f   Thumb Code    18  stm32f10x_tim.o(.text)
    TIM_ClearFlag                            0x08001c21   Thumb Code     6  stm32f10x_tim.o(.text)
    TIM_GetITStatus                          0x08001c27   Thumb Code    34  stm32f10x_tim.o(.text)
    TIM_ClearITPendingBit                    0x08001c49   Thumb Code     6  stm32f10x_tim.o(.text)
    USART_DeInit                             0x08001c51   Thumb Code   134  stm32f10x_usart.o(.text)
    USART_Init                               0x08001cd7   Thumb Code   210  stm32f10x_usart.o(.text)
    USART_StructInit                         0x08001da9   Thumb Code    24  stm32f10x_usart.o(.text)
    USART_ClockInit                          0x08001dc1   Thumb Code    32  stm32f10x_usart.o(.text)
    USART_ClockStructInit                    0x08001de1   Thumb Code    12  stm32f10x_usart.o(.text)
    USART_Cmd                                0x08001ded   Thumb Code    24  stm32f10x_usart.o(.text)
    USART_ITConfig                           0x08001e05   Thumb Code    72  stm32f10x_usart.o(.text)
    USART_DMACmd                             0x08001e4d   Thumb Code    24  stm32f10x_usart.o(.text)
    USART_SetAddress                         0x08001e65   Thumb Code    18  stm32f10x_usart.o(.text)
    USART_WakeUpConfig                       0x08001e77   Thumb Code    18  stm32f10x_usart.o(.text)
    USART_ReceiverWakeUpCmd                  0x08001e89   Thumb Code    24  stm32f10x_usart.o(.text)
    USART_LINBreakDetectLengthConfig         0x08001ea1   Thumb Code    18  stm32f10x_usart.o(.text)
    USART_LINCmd                             0x08001eb3   Thumb Code    24  stm32f10x_usart.o(.text)
    USART_SendData                           0x08001ecb   Thumb Code     8  stm32f10x_usart.o(.text)
    USART_ReceiveData                        0x08001ed3   Thumb Code    10  stm32f10x_usart.o(.text)
    USART_SendBreak                          0x08001edd   Thumb Code    10  stm32f10x_usart.o(.text)
    USART_SetGuardTime                       0x08001ee7   Thumb Code    16  stm32f10x_usart.o(.text)
    USART_SetPrescaler                       0x08001ef7   Thumb Code    16  stm32f10x_usart.o(.text)
    USART_SmartCardCmd                       0x08001f07   Thumb Code    24  stm32f10x_usart.o(.text)
    USART_SmartCardNACKCmd                   0x08001f1f   Thumb Code    24  stm32f10x_usart.o(.text)
    USART_HalfDuplexCmd                      0x08001f37   Thumb Code    24  stm32f10x_usart.o(.text)
    USART_OverSampling8Cmd                   0x08001f4f   Thumb Code    22  stm32f10x_usart.o(.text)
    USART_OneBitMethodCmd                    0x08001f65   Thumb Code    24  stm32f10x_usart.o(.text)
    USART_IrDAConfig                         0x08001f7d   Thumb Code    18  stm32f10x_usart.o(.text)
    USART_IrDACmd                            0x08001f8f   Thumb Code    24  stm32f10x_usart.o(.text)
    USART_GetFlagStatus                      0x08001fa7   Thumb Code    26  stm32f10x_usart.o(.text)
    USART_ClearFlag                          0x08001fc1   Thumb Code    18  stm32f10x_usart.o(.text)
    USART_GetITStatus                        0x08001fd3   Thumb Code    84  stm32f10x_usart.o(.text)
    USART_ClearITPendingBit                  0x08002027   Thumb Code    50  stm32f10x_usart.o(.text)
    OS_CPU_SR_Save                           0x08002059   Thumb Code     0  os_cpu_a.o(.text)
    OS_CPU_SR_Restore                        0x08002061   Thumb Code     0  os_cpu_a.o(.text)
    OSStartHighRdy                           0x08002067   Thumb Code     0  os_cpu_a.o(.text)
    OSCtxSw                                  0x08002087   Thumb Code     0  os_cpu_a.o(.text)
    OSIntCtxSw                               0x08002091   Thumb Code     0  os_cpu_a.o(.text)
    PendSV_Handler                           0x0800209b   Thumb Code     0  os_cpu_a.o(.text)
    OS_StrLen                                0x080020fd   Thumb Code    20  os_core.o(.text)
    OSEventNameGet                           0x08002111   Thumb Code   118  os_core.o(.text)
    OSEventNameSet                           0x08002187   Thumb Code   100  os_core.o(.text)
    OS_EventTaskRemoveMulti                  0x080021eb   Thumb Code    58  os_core.o(.text)
    OS_Sched                                 0x0800223f   Thumb Code    88  os_core.o(.text)
    OS_EventTaskWaitMulti                    0x08002297   Thumb Code   136  os_core.o(.text)
    OSEventPendMulti                         0x0800231f   Thumb Code   760  os_core.o(.text)
    OS_TaskStatStkChk                        0x08002617   Thumb Code    54  os_core.o(.text)
    OS_TaskStat                              0x0800264d   Thumb Code   116  os_core.o(.text)
    OS_TaskIdle                              0x080026f7   Thumb Code    34  os_core.o(.text)
    OS_MemClr                                0x0800274f   Thumb Code    18  os_core.o(.text)
    OSInit                                   0x08002877   Thumb Code    56  os_core.o(.text)
    OSIntEnter                               0x080028af   Thumb Code    28  os_core.o(.text)
    OSIntExit                                0x080028cb   Thumb Code   252  os_core.o(.text)
    OSSchedLock                              0x080029c7   Thumb Code    50  os_core.o(.text)
    OSSchedUnlock                            0x080029f9   Thumb Code    82  os_core.o(.text)
    OSStart                                  0x08002a4b   Thumb Code    48  os_core.o(.text)
    OSStatInit                               0x08002a7b   Thumb Code    62  os_core.o(.text)
    OSTimeTick                               0x08002ab9   Thumb Code   210  os_core.o(.text)
    OSVersion                                0x08002b8b   Thumb Code     6  os_core.o(.text)
    OS_Dummy                                 0x08002b91   Thumb Code     2  os_core.o(.text)
    OS_EventTaskRemove                       0x08002b93   Thumb Code    42  os_core.o(.text)
    OS_EventTaskRdy                          0x08002bbd   Thumb Code   128  os_core.o(.text)
    OS_EventTaskWait                         0x08002c3d   Thumb Code   112  os_core.o(.text)
    OS_EventWaitListInit                     0x08002cad   Thumb Code    28  os_core.o(.text)
    OS_MemCopy                               0x08002cc9   Thumb Code    20  os_core.o(.text)
    OS_TCBInit                               0x08002cdd   Thumb Code   358  os_core.o(.text)
    OSMboxAccept                             0x08002e51   Thumb Code    44  os_mbox.o(.text)
    OSMboxCreate                             0x08002e7d   Thumb Code    72  os_mbox.o(.text)
    OSMboxDel                                0x08002ec5   Thumb Code   220  os_mbox.o(.text)
    OSMboxPend                               0x08002fa1   Thumb Code   262  os_mbox.o(.text)
    OSMboxPendAbort                          0x080030a7   Thumb Code   138  os_mbox.o(.text)
    OSMboxPost                               0x08003131   Thumb Code    92  os_mbox.o(.text)
    OSMboxPostOpt                            0x0800318d   Thumb Code   132  os_mbox.o(.text)
    OSMboxQuery                              0x08003211   Thumb Code   108  os_mbox.o(.text)
    OSTaskChangePrio                         0x0800327d   Thumb Code   418  os_task.o(.text)
    OSTaskCreate                             0x0800341f   Thumb Code   156  os_task.o(.text)
    OS_TaskStkClr                            0x080034bb   Thumb Code    26  os_task.o(.text)
    OSTaskCreateExt                          0x080034d5   Thumb Code   178  os_task.o(.text)
    OSTaskDel                                0x08003587   Thumb Code   354  os_task.o(.text)
    OSTaskDelReq                             0x080036e9   Thumb Code   112  os_task.o(.text)
    OSTaskNameGet                            0x08003759   Thumb Code   140  os_task.o(.text)
    OSTaskNameSet                            0x080037e5   Thumb Code   120  os_task.o(.text)
    OSTaskResume                             0x0800385d   Thumb Code   162  os_task.o(.text)
    OSTaskStkChk                             0x080038ff   Thumb Code   150  os_task.o(.text)
    OSTaskSuspend                            0x08003995   Thumb Code   172  os_task.o(.text)
    OSTaskQuery                              0x08003a41   Thumb Code   132  os_task.o(.text)
    OSTaskRegGet                             0x08003ac5   Thumb Code    86  os_task.o(.text)
    OSTaskRegSet                             0x08003b1b   Thumb Code    84  os_task.o(.text)
    OS_TaskReturn                            0x08003b6f   Thumb Code    18  os_task.o(.text)
    OSTimeDly                                0x08003b89   Thumb Code   100  os_time.o(.text)
    OSTimeDlyHMSM                            0x08003bed   Thumb Code   124  os_time.o(.text)
    OSTimeDlyResume                          0x08003c69   Thumb Code   168  os_time.o(.text)
    OSTimeGet                                0x08003d11   Thumb Code    24  os_time.o(.text)
    OSTimeSet                                0x08003d29   Thumb Code    24  os_time.o(.text)
    OSInitHookBegin                          0x08003d5d   Thumb Code     8  os_cpu_c.o(.text)
    OSInitHookEnd                            0x08003d65   Thumb Code     2  os_cpu_c.o(.text)
    OSTaskCreateHook                         0x08003d67   Thumb Code    12  os_cpu_c.o(.text)
    OSTaskDelHook                            0x08003d73   Thumb Code    12  os_cpu_c.o(.text)
    OSTaskIdleHook                           0x08003d7f   Thumb Code     8  os_cpu_c.o(.text)
    OSTaskStatHook                           0x08003d87   Thumb Code     8  os_cpu_c.o(.text)
    OSTaskStkInit                            0x08003d8f   Thumb Code   154  os_cpu_c.o(.text)
    OSTaskSwHook                             0x08003e29   Thumb Code     8  os_cpu_c.o(.text)
    OSTCBInitHook                            0x08003e31   Thumb Code    12  os_cpu_c.o(.text)
    OSTimeTickHook                           0x08003e3d   Thumb Code    34  os_cpu_c.o(.text)
    OS_CPU_SysTickHandler                    0x08003e5f   Thumb Code    34  os_cpu_c.o(.text)
    OSDebugInit                              0x08003e89   Thumb Code   118  os_dbg.o(.text)
    OSFlagAccept                             0x08003fe5   Thumb Code   262  os_flag.o(.text)
    OSFlagCreate                             0x080040eb   Thumb Code    86  os_flag.o(.text)
    OS_FlagUnlink                            0x08004141   Thumb Code    36  os_flag.o(.text)
    OSFlagDel                                0x080041b7   Thumb Code   224  os_flag.o(.text)
    OSFlagNameGet                            0x08004297   Thumb Code   100  os_flag.o(.text)
    OSFlagNameSet                            0x080042fb   Thumb Code    82  os_flag.o(.text)
    OSFlagPend                               0x080043e5   Thumb Code   626  os_flag.o(.text)
    OSFlagPendGetFlagsRdy                    0x08004657   Thumb Code    26  os_flag.o(.text)
    OSFlagPost                               0x08004671   Thumb Code   322  os_flag.o(.text)
    OSFlagQuery                              0x080047b3   Thumb Code    58  os_flag.o(.text)
    OS_FlagInit                              0x080047ed   Thumb Code    78  os_flag.o(.text)
    OSMemCreate                              0x08004849   Thumb Code   164  os_mem.o(.text)
    OSMemGet                                 0x080048ed   Thumb Code    72  os_mem.o(.text)
    OSMemNameGet                             0x08004935   Thumb Code    80  os_mem.o(.text)
    OSMemNameSet                             0x08004985   Thumb Code    64  os_mem.o(.text)
    OSMemPut                                 0x080049c5   Thumb Code    66  os_mem.o(.text)
    OSMemQuery                               0x08004a07   Thumb Code    64  os_mem.o(.text)
    OS_MemInit                               0x08004a47   Thumb Code    74  os_mem.o(.text)
    OSQAccept                                0x08004aa1   Thumb Code    98  os_q.o(.text)
    OSQCreate                                0x08004b03   Thumb Code   144  os_q.o(.text)
    OSQDel                                   0x08004b93   Thumb Code   254  os_q.o(.text)
    OSQFlush                                 0x08004c91   Thumb Code    52  os_q.o(.text)
    OSQPend                                  0x08004cc5   Thumb Code   288  os_q.o(.text)
    OSQPendAbort                             0x08004de5   Thumb Code   138  os_q.o(.text)
    OSQPost                                  0x08004e6f   Thumb Code   120  os_q.o(.text)
    OSQPostFront                             0x08004ee7   Thumb Code   146  os_q.o(.text)
    OSQPostOpt                               0x08004f79   Thumb Code   188  os_q.o(.text)
    OSQQuery                                 0x08005035   Thumb Code   110  os_q.o(.text)
    OS_QInit                                 0x080050a3   Thumb Code    72  os_q.o(.text)
    OSTmrCreate                              0x08005127   Thumb Code   142  os_tmr.o(.text)
    OSTmrDel                                 0x0800522d   Thumb Code   134  os_tmr.o(.text)
    OSTmrNameGet                             0x080052b3   Thumb Code   134  os_tmr.o(.text)
    OSTmrRemainGet                           0x08005339   Thumb Code   172  os_tmr.o(.text)
    OSTmrStateGet                            0x080053e5   Thumb Code    96  os_tmr.o(.text)
    OSTmrStart                               0x080054a9   Thumb Code   166  os_tmr.o(.text)
    OSTmrStop                                0x0800554f   Thumb Code   190  os_tmr.o(.text)
    OSTmrSignal                              0x0800560d   Thumb Code    16  os_tmr.o(.text)
    OSTmr_Init                               0x080056c3   Thumb Code   172  os_tmr.o(.text)
    OSTaskReturnHook                         0x080057d5   Thumb Code     2  os_apphooks.o(.text)
    App_TaskCreateHook                       0x080057d7   Thumb Code    12  os_apphooks.o(.text)
    App_TaskDelHook                          0x080057e3   Thumb Code     2  os_apphooks.o(.text)
    App_TaskIdleHook                         0x080057e5   Thumb Code     2  os_apphooks.o(.text)
    App_TaskReturnHook                       0x080057e7   Thumb Code     2  os_apphooks.o(.text)
    App_TaskStatHook                         0x080057e9   Thumb Code     2  os_apphooks.o(.text)
    App_TaskSwHook                           0x080057eb   Thumb Code     8  os_apphooks.o(.text)
    App_TCBInitHook                          0x080057f3   Thumb Code     2  os_apphooks.o(.text)
    App_TimeTickHook                         0x080057f5   Thumb Code     8  os_apphooks.o(.text)
    OSSemAccept                              0x080057fd   Thumb Code    48  os_sem.o(.text)
    OSSemCreate                              0x0800582d   Thumb Code    72  os_sem.o(.text)
    OSSemDel                                 0x08005875   Thumb Code   220  os_sem.o(.text)
    OSSemPend                                0x08005951   Thumb Code   236  os_sem.o(.text)
    OSSemPendAbort                           0x08005a3d   Thumb Code   138  os_sem.o(.text)
    OSSemPost                                0x08005ac7   Thumb Code    94  os_sem.o(.text)
    OSSemQuery                               0x08005b25   Thumb Code    88  os_sem.o(.text)
    OSSemSet                                 0x08005b7d   Thumb Code    74  os_sem.o(.text)
    OSView_TerminalRxSetCallback             0x08005bdd   Thumb Code     6  os_view.o(.text)
    OSView_Init                              0x08005be3   Thumb Code    52  os_view.o(.text)
    OSView_TimeGetCycles                     0x08005c17   Thumb Code    56  os_view.o(.text)
    OSView_TaskCreateHook                    0x08005c4f   Thumb Code    16  os_view.o(.text)
    OSView_TaskSwHook                        0x08005c5f   Thumb Code    38  os_view.o(.text)
    OSView_TickHook                          0x08005c85   Thumb Code     8  os_view.o(.text)
    OSView_TxHandler                         0x080060f5   Thumb Code   462  os_view.o(.text)
    OSView_RxHandler                         0x0800631f   Thumb Code   298  os_view.o(.text)
    OSView_TxStr                             0x08006449   Thumb Code   114  os_view.o(.text)
    OSView_TmrInit                           0x080064c9   Thumb Code     2  os_viewc.o(.text)
    OSView_TmrRd                             0x080064cb   Thumb Code     4  os_viewc.o(.text)
    OSView_Exit                              0x080064cf   Thumb Code     2  os_viewc.o(.text)
    OSView_GetCPUName                        0x080064d1   Thumb Code     2  os_viewc.o(.text)
    OSView_GetIntStkBase                     0x080064d3   Thumb Code     4  os_viewc.o(.text)
    OSView_GetIntStkSize                     0x080064d7   Thumb Code     4  os_viewc.o(.text)
    OSView_InitTarget                        0x080064db   Thumb Code     2  os_viewc.o(.text)
    OSView_RxIntDis                          0x080064dd   Thumb Code     2  os_viewc.o(.text)
    OSView_RxIntEn                           0x080064df   Thumb Code     2  os_viewc.o(.text)
    OSView_RxISRHandler                      0x080064e1   Thumb Code     2  os_viewc.o(.text)
    OSView_RxTxISRHandler                    0x080064e3   Thumb Code     2  os_viewc.o(.text)
    OSView_Tx1                               0x080064e5   Thumb Code     2  os_viewc.o(.text)
    OSView_TxIntDis                          0x080064e7   Thumb Code     2  os_viewc.o(.text)
    OSView_TxIntEn                           0x080064e9   Thumb Code     2  os_viewc.o(.text)
    __aeabi_memcpy                           0x080064eb   Thumb Code    36  memcpya.o(.text)
    __aeabi_memcpy4                          0x080064eb   Thumb Code     0  memcpya.o(.text)
    __aeabi_memcpy8                          0x080064eb   Thumb Code     0  memcpya.o(.text)
    __aeabi_memset                           0x0800650f   Thumb Code    14  memseta.o(.text)
    __aeabi_memset4                          0x0800650f   Thumb Code     0  memseta.o(.text)
    __aeabi_memset8                          0x0800650f   Thumb Code     0  memseta.o(.text)
    __aeabi_memclr                           0x0800651d   Thumb Code     4  memseta.o(.text)
    __aeabi_memclr4                          0x0800651d   Thumb Code     0  memseta.o(.text)
    __aeabi_memclr8                          0x0800651d   Thumb Code     0  memseta.o(.text)
    _memset$wrapper                          0x08006521   Thumb Code    18  memseta.o(.text)
    strcpy                                   0x08006533   Thumb Code    18  strcpy.o(.text)
    atoi                                     0x08006545   Thumb Code    26  atoi.o(.text)
    __aeabi_fmul                             0x0800655f   Thumb Code   100  fmul.o(.text)
    __aeabi_fdiv                             0x080065c3   Thumb Code   124  fdiv.o(.text)
    __aeabi_dadd                             0x0800663f   Thumb Code   322  dadd.o(.text)
    __aeabi_dsub                             0x08006781   Thumb Code     6  dadd.o(.text)
    __aeabi_drsub                            0x08006787   Thumb Code     6  dadd.o(.text)
    __aeabi_dmul                             0x0800678d   Thumb Code   228  dmul.o(.text)
    __aeabi_ddiv                             0x08006871   Thumb Code   222  ddiv.o(.text)
    __aeabi_i2f                              0x0800694f   Thumb Code    18  fflti.o(.text)
    __aeabi_ui2f                             0x08006961   Thumb Code    10  ffltui.o(.text)
    __aeabi_i2d                              0x0800696b   Thumb Code    34  dflti.o(.text)
    __aeabi_ui2d                             0x0800698d   Thumb Code    26  dfltui.o(.text)
    __aeabi_f2uiz                            0x080069a7   Thumb Code    40  ffixui.o(.text)
    __aeabi_d2iz                             0x080069cf   Thumb Code    62  dfixi.o(.text)
    __aeabi_d2uiz                            0x08006a0d   Thumb Code    50  dfixui.o(.text)
    __aeabi_f2d                              0x08006a3f   Thumb Code    38  f2d.o(.text)
    __aeabi_cdcmpeq                          0x08006a65   Thumb Code     0  cdcmple.o(.text)
    __aeabi_cdcmple                          0x08006a65   Thumb Code    38  cdcmple.o(.text)
    __aeabi_cdrcmple                         0x08006a8d   Thumb Code    38  cdrcmple.o(.text)
    __aeabi_d2f                              0x08006ab5   Thumb Code    56  d2f.o(.text)
    __aeabi_uidiv                            0x08006aed   Thumb Code     0  uidiv.o(.text)
    __aeabi_uidivmod                         0x08006aed   Thumb Code    44  uidiv.o(.text)
    __aeabi_llsl                             0x08006b19   Thumb Code    30  llshl.o(.text)
    _ll_shift_l                              0x08006b19   Thumb Code     0  llshl.o(.text)
    __aeabi_llsr                             0x08006b37   Thumb Code    32  llushr.o(.text)
    _ll_ushift_r                             0x08006b37   Thumb Code     0  llushr.o(.text)
    __aeabi_lasr                             0x08006b57   Thumb Code    36  llsshr.o(.text)
    _ll_sshift_r                             0x08006b57   Thumb Code     0  llsshr.o(.text)
    strtol                                   0x08006b7b   Thumb Code   112  strtol.o(.text)
    __I$use$fp                               0x08006beb   Thumb Code     0  iusefp.o(.text)
    _float_round                             0x08006beb   Thumb Code    18  fepilogue.o(.text)
    _float_epilogue                          0x08006bfd   Thumb Code    92  fepilogue.o(.text)
    _double_round                            0x08006c59   Thumb Code    26  depilogue.o(.text)
    _double_epilogue                         0x08006c73   Thumb Code   156  depilogue.o(.text)
    __scatterload                            0x08006d11   Thumb Code    28  init.o(.text)
    __scatterload_rt2                        0x08006d11   Thumb Code     0  init.o(.text)
    __rt_ctype_table                         0x08006d35   Thumb Code     4  ctype_o.o(.text)
    _strtoul                                 0x08006d3d   Thumb Code   158  _strtoul.o(.text)
    _chval                                   0x08006ddb   Thumb Code    28  _chval.o(.text)
    __decompress                             0x08006df7   Thumb Code     0  __dclz77c.o(.text)
    __decompress2                            0x08006df7   Thumb Code    94  __dclz77c.o(.text)
    BusFault_Handler                         0x08006e55   Thumb Code     4  stm32f10x_it.o(i.BusFault_Handler)
    CalCRC                                   0x08006e59   Thumb Code    24  communication.o(i.CalCRC)
    DebugMon_Handler                         0x08006e71   Thumb Code     2  stm32f10x_it.o(i.DebugMon_Handler)
    EXTI0_IRQHandler                         0x08006e73   Thumb Code     2  stm32f10x_it.o(i.EXTI0_IRQHandler)
    EXTI15_10_IRQHandler                     0x08006e75   Thumb Code     2  stm32f10x_it.o(i.EXTI15_10_IRQHandler)
    EXTI1_IRQHandler                         0x08006e77   Thumb Code     2  stm32f10x_it.o(i.EXTI1_IRQHandler)
    EXTI2_IRQHandler                         0x08006e79   Thumb Code     2  stm32f10x_it.o(i.EXTI2_IRQHandler)
    EXTI3_IRQHandler                         0x08006e7b   Thumb Code     2  stm32f10x_it.o(i.EXTI3_IRQHandler)
    EXTI4_IRQHandler                         0x08006e7d   Thumb Code     2  stm32f10x_it.o(i.EXTI4_IRQHandler)
    EXTI9_5_IRQHandler                       0x08006e7f   Thumb Code     2  stm32f10x_it.o(i.EXTI9_5_IRQHandler)
    Erase_Flash                              0x08006e81   Thumb Code    38  flash.o(i.Erase_Flash)
    FLASH_IRQHandler                         0x08006ea7   Thumb Code     2  stm32f10x_it.o(i.FLASH_IRQHandler)
    Fill_RAM                                 0x08006ea9   Thumb Code    62  oled.o(i.Fill_RAM)
    GPIO_Configuration                       0x08006ee9   Thumb Code   692  gpio.o(i.GPIO_Configuration)
    GetFlowPara                              0x080071b5   Thumb Code   382  pump.o(i.GetFlowPara)
    GetPressure                              0x0800733d   Thumb Code   204  pressure.o(i.GetPressure)
    HardFault_Handler                        0x0800740d   Thumb Code     2  stm32f10x_it.o(i.HardFault_Handler)
    I2C1_ER_IRQHandler                       0x0800740f   Thumb Code     2  stm32f10x_it.o(i.I2C1_ER_IRQHandler)
    I2C1_EV_IRQHandler                       0x08007411   Thumb Code     2  stm32f10x_it.o(i.I2C1_EV_IRQHandler)
    I2C2_ER_IRQHandler                       0x08007413   Thumb Code     2  stm32f10x_it.o(i.I2C2_ER_IRQHandler)
    I2C2_EV_IRQHandler                       0x08007415   Thumb Code     2  stm32f10x_it.o(i.I2C2_EV_IRQHandler)
    MemManage_Handler                        0x08007417   Thumb Code     4  stm32f10x_it.o(i.MemManage_Handler)
    NMI_Handler                              0x0800741b   Thumb Code     2  stm32f10x_it.o(i.NMI_Handler)
    NVIC_Configuration                       0x0800741d   Thumb Code   126  nvic.o(i.NVIC_Configuration)
    OLED_Initial                             0x0800749d   Thumb Code   384  oled.o(i.OLED_Initial)
    OLED_SetContrast                         0x08007621   Thumb Code    28  oled.o(i.OLED_SetContrast)
    OSCreateEvent                            0x0800763d   Thumb Code    24  main.o(i.OSCreateEvent)
    PID_Calc                                 0x0800765d   Thumb Code   230  pid.o(i.PID_Calc)
    PID_Init                                 0x0800774d   Thumb Code    72  pid.o(i.PID_Init)
    PVD_IRQHandler                           0x080077a1   Thumb Code     2  stm32f10x_it.o(i.PVD_IRQHandler)
    PumpSetFlow                              0x080077a5   Thumb Code   136  pump.o(i.PumpSetFlow)
    PumpStart                                0x08007841   Thumb Code   212  pump.o(i.PumpStart)
    PumpStop                                 0x08007935   Thumb Code   190  pump.o(i.PumpStop)
    RCC_Configuration                        0x08007a11   Thumb Code   102  rcc.o(i.RCC_Configuration)
    RCC_IRQHandler                           0x08007a89   Thumb Code     2  stm32f10x_it.o(i.RCC_IRQHandler)
    RTCAlarm_IRQHandler                      0x08007a8b   Thumb Code     2  stm32f10x_it.o(i.RTCAlarm_IRQHandler)
    RTC_IRQHandler                           0x08007a8d   Thumb Code     2  stm32f10x_it.o(i.RTC_IRQHandler)
    ReadADValue                              0x08007a91   Thumb Code   140  pressure.o(i.ReadADValue)
    Read_Flash                               0x08007b25   Thumb Code   102  flash.o(i.Read_Flash)
    SPI1_IRQHandler                          0x08007b91   Thumb Code     2  stm32f10x_it.o(i.SPI1_IRQHandler)
    SPI2_IRQHandler                          0x08007b93   Thumb Code     2  stm32f10x_it.o(i.SPI2_IRQHandler)
    SVC_Handler                              0x08007b95   Thumb Code     2  stm32f10x_it.o(i.SVC_Handler)
    Set_Column_Address                       0x08007c81   Thumb Code    26  oled.o(i.Set_Column_Address)
    Set_Remap_Format                         0x08007c9b   Thumb Code    24  oled.o(i.Set_Remap_Format)
    Set_Row_Address                          0x08007cb3   Thumb Code    26  oled.o(i.Set_Row_Address)
    Set_Write_RAM                            0x08007ccd   Thumb Code    10  oled.o(i.Set_Write_RAM)
    ShowASCII1624Str                         0x08007cd7   Thumb Code   100  oled.o(i.ShowASCII1624Str)
    ShowASCII816Str                          0x08007d3b   Thumb Code    46  oled.o(i.ShowASCII816Str)
    ShowBlock                                0x08007d69   Thumb Code   340  oled.o(i.ShowBlock)
    ShowHZ1616                               0x08007ebd   Thumb Code   192  oled.o(i.ShowHZ1616)
    ShowHZ1616Str                            0x08007f81   Thumb Code    74  oled.o(i.ShowHZ1616Str)
    ShowNUM1624                              0x08007fcd   Thumb Code   168  oled.o(i.ShowNUM1624)
    ShowNUM816                               0x08008079   Thumb Code   156  oled.o(i.ShowNUM816)
    ShowSYM824                               0x08008119   Thumb Code   168  oled.o(i.ShowSYM824)
    SysTick_Handler                          0x080081c5   Thumb Code    58  stm32f10x_it.o(i.SysTick_Handler)
    SystemInit                               0x0800820d   Thumb Code    78  system_stm32f10x.o(i.SystemInit)
    TAMPER_IRQHandler                        0x0800826d   Thumb Code     2  stm32f10x_it.o(i.TAMPER_IRQHandler)
    TIM1_BRK_IRQHandler                      0x0800826f   Thumb Code     2  stm32f10x_it.o(i.TIM1_BRK_IRQHandler)
    TIM1_CC_IRQHandler                       0x08008271   Thumb Code     2  stm32f10x_it.o(i.TIM1_CC_IRQHandler)
    TIM1_TRG_COM_IRQHandler                  0x08008273   Thumb Code     2  stm32f10x_it.o(i.TIM1_TRG_COM_IRQHandler)
    TIM1_UP_IRQHandler                       0x08008275   Thumb Code     2  stm32f10x_it.o(i.TIM1_UP_IRQHandler)
    TIM2_IRQHandler                          0x08008279   Thumb Code   192  stm32f10x_it.o(i.TIM2_IRQHandler)
    TIM3_IRQHandler                          0x0800834d   Thumb Code   786  stm32f10x_it.o(i.TIM3_IRQHandler)
    TIM4_IRQHandler                          0x0800868d   Thumb Code   148  stm32f10x_it.o(i.TIM4_IRQHandler)
    TIM_Configuration                        0x08008731   Thumb Code   232  tim.o(i.TIM_Configuration)
    TaskBZ                                   0x08008821   Thumb Code    54  main.o(i.TaskBZ)
    TaskInit                                 0x0800885d   Thumb Code   120  main.o(i.TaskInit)
    TaskKey                                  0x080088f9   Thumb Code  1158  main.o(i.TaskKey)
    TaskMain                                 0x08008d91   Thumb Code  7024  interface.o(i.TaskMain)
    TaskPC                                   0x0800a921   Thumb Code   956  communication.o(i.TaskPC)
    TaskPUMP                                 0x0800ad35   Thumb Code    12  main.o(i.TaskPUMP)
    UART4_IRQHandler                         0x0800ad41   Thumb Code   140  stm32f10x_it.o(i.UART4_IRQHandler)
    UART4_Putc                               0x0800add9   Thumb Code    28  usart.o(i.UART4_Putc)
    UART4_Puts                               0x0800adf9   Thumb Code    38  usart.o(i.UART4_Puts)
    USART1_IRQHandler                        0x0800ae25   Thumb Code    54  stm32f10x_it.o(i.USART1_IRQHandler)
    USART2_IRQHandler                        0x0800ae61   Thumb Code    54  stm32f10x_it.o(i.USART2_IRQHandler)
    USART3_IRQHandler                        0x0800ae9d   Thumb Code    54  stm32f10x_it.o(i.USART3_IRQHandler)
    USART_Configuration                      0x0800aed9   Thumb Code   156  usart.o(i.USART_Configuration)
    USBWakeUp_IRQHandler                     0x0800af7d   Thumb Code     2  stm32f10x_it.o(i.USBWakeUp_IRQHandler)
    UsageFault_Handler                       0x0800af7f   Thumb Code     4  stm32f10x_it.o(i.UsageFault_Handler)
    WWDG_IRQHandler                          0x0800af83   Thumb Code     2  stm32f10x_it.o(i.WWDG_IRQHandler)
    Write16bit_Flash                         0x0800af85   Thumb Code    36  flash.o(i.Write16bit_Flash)
    Write_Cmd                                0x0800afa9   Thumb Code   282  oled.o(i.Write_Cmd)
    Write_Data                               0x0800b0d1   Thumb Code   282  oled.o(i.Write_Data)
    Write_Flash                              0x0800b1f9   Thumb Code   248  flash.o(i.Write_Flash)
    __0sprintf$6                             0x0800b319   Thumb Code    34  printf6.o(i.__0sprintf$6)
    __1sprintf$6                             0x0800b319   Thumb Code     0  printf6.o(i.__0sprintf$6)
    __2sprintf                               0x0800b319   Thumb Code     0  printf6.o(i.__0sprintf$6)
    __aeabi_errno_addr                       0x0800b341   Thumb Code     4  errno.o(i.__aeabi_errno_addr)
    __rt_errno_addr                          0x0800b341   Thumb Code     0  errno.o(i.__aeabi_errno_addr)
    __scatterload_copy                       0x0800b349   Thumb Code    14  handlers.o(i.__scatterload_copy)
    __scatterload_null                       0x0800b357   Thumb Code     2  handlers.o(i.__scatterload_null)
    __scatterload_zeroinit                   0x0800b359   Thumb Code    14  handlers.o(i.__scatterload_zeroinit)
    change                                   0x0800b6b5   Thumb Code    92  oled.o(i.change)
    interface0                               0x0800b715   Thumb Code     8  interface.o(i.interface0)
    main                                     0x0800b71d   Thumb Code    30  main.o(i.main)
    arr_Index816                             0x0800b744   Data        1173  oled.o(.constdata)
    arr_Index1624                            0x0800bbd9   Data         490  oled.o(.constdata)
    arr_Index824                             0x0800bdc3   Data          75  oled.o(.constdata)
    PUMP_FlowCnts                            0x0800be0e   Data          40  pump.o(.constdata)
    PUMP_PressArg                            0x0800be36   Data           4  pump.o(.constdata)
    OSUnMapTbl                               0x0800be3a   Data         256  os_core.o(.constdata)
    OSDebugEn                                0x0800bf3c   Data           2  os_dbg.o(.constdata)
    OSEndiannessTest                         0x0800bf40   Data           4  os_dbg.o(.constdata)
    OSEventEn                                0x0800bf44   Data           2  os_dbg.o(.constdata)
    OSEventMax                               0x0800bf46   Data           2  os_dbg.o(.constdata)
    OSEventNameEn                            0x0800bf48   Data           2  os_dbg.o(.constdata)
    OSEventSize                              0x0800bf4a   Data           2  os_dbg.o(.constdata)
    OSEventTblSize                           0x0800bf4c   Data           2  os_dbg.o(.constdata)
    OSEventMultiEn                           0x0800bf4e   Data           2  os_dbg.o(.constdata)
    OSFlagEn                                 0x0800bf50   Data           2  os_dbg.o(.constdata)
    OSFlagGrpSize                            0x0800bf52   Data           2  os_dbg.o(.constdata)
    OSFlagNodeSize                           0x0800bf54   Data           2  os_dbg.o(.constdata)
    OSFlagWidth                              0x0800bf56   Data           2  os_dbg.o(.constdata)
    OSFlagMax                                0x0800bf58   Data           2  os_dbg.o(.constdata)
    OSFlagNameEn                             0x0800bf5a   Data           2  os_dbg.o(.constdata)
    OSLowestPrio                             0x0800bf5c   Data           2  os_dbg.o(.constdata)
    OSMboxEn                                 0x0800bf5e   Data           2  os_dbg.o(.constdata)
    OSMemEn                                  0x0800bf60   Data           2  os_dbg.o(.constdata)
    OSMemMax                                 0x0800bf62   Data           2  os_dbg.o(.constdata)
    OSMemNameEn                              0x0800bf64   Data           2  os_dbg.o(.constdata)
    OSMemSize                                0x0800bf66   Data           2  os_dbg.o(.constdata)
    OSMemTblSize                             0x0800bf68   Data           2  os_dbg.o(.constdata)
    OSMutexEn                                0x0800bf6a   Data           2  os_dbg.o(.constdata)
    OSPtrSize                                0x0800bf6c   Data           2  os_dbg.o(.constdata)
    OSQEn                                    0x0800bf6e   Data           2  os_dbg.o(.constdata)
    OSQMax                                   0x0800bf70   Data           2  os_dbg.o(.constdata)
    OSQSize                                  0x0800bf72   Data           2  os_dbg.o(.constdata)
    OSRdyTblSize                             0x0800bf74   Data           2  os_dbg.o(.constdata)
    OSSemEn                                  0x0800bf76   Data           2  os_dbg.o(.constdata)
    OSStkWidth                               0x0800bf78   Data           2  os_dbg.o(.constdata)
    OSTaskCreateEn                           0x0800bf7a   Data           2  os_dbg.o(.constdata)
    OSTaskCreateExtEn                        0x0800bf7c   Data           2  os_dbg.o(.constdata)
    OSTaskDelEn                              0x0800bf7e   Data           2  os_dbg.o(.constdata)
    OSTaskIdleStkSize                        0x0800bf80   Data           2  os_dbg.o(.constdata)
    OSTaskProfileEn                          0x0800bf82   Data           2  os_dbg.o(.constdata)
    OSTaskMax                                0x0800bf84   Data           2  os_dbg.o(.constdata)
    OSTaskNameEn                             0x0800bf86   Data           2  os_dbg.o(.constdata)
    OSTaskStatEn                             0x0800bf88   Data           2  os_dbg.o(.constdata)
    OSTaskStatStkSize                        0x0800bf8a   Data           2  os_dbg.o(.constdata)
    OSTaskStatStkChkEn                       0x0800bf8c   Data           2  os_dbg.o(.constdata)
    OSTaskSwHookEn                           0x0800bf8e   Data           2  os_dbg.o(.constdata)
    OSTaskRegTblSize                         0x0800bf90   Data           2  os_dbg.o(.constdata)
    OSTCBPrioTblMax                          0x0800bf92   Data           2  os_dbg.o(.constdata)
    OSTCBSize                                0x0800bf94   Data           2  os_dbg.o(.constdata)
    OSTicksPerSec                            0x0800bf96   Data           2  os_dbg.o(.constdata)
    OSTimeTickHookEn                         0x0800bf98   Data           2  os_dbg.o(.constdata)
    OSVersionNbr                             0x0800bf9a   Data           2  os_dbg.o(.constdata)
    OSTmrEn                                  0x0800bf9c   Data           2  os_dbg.o(.constdata)
    OSTmrCfgMax                              0x0800bf9e   Data           2  os_dbg.o(.constdata)
    OSTmrCfgNameEn                           0x0800bfa0   Data           2  os_dbg.o(.constdata)
    OSTmrCfgWheelSize                        0x0800bfa2   Data           2  os_dbg.o(.constdata)
    OSTmrCfgTicksPerSec                      0x0800bfa4   Data           2  os_dbg.o(.constdata)
    OSTmrSize                                0x0800bfa6   Data           2  os_dbg.o(.constdata)
    OSTmrTblSize                             0x0800bfa8   Data           2  os_dbg.o(.constdata)
    OSTmrWheelSize                           0x0800bfaa   Data           2  os_dbg.o(.constdata)
    OSTmrWheelTblSize                        0x0800bfac   Data           2  os_dbg.o(.constdata)
    OSDataSize                               0x0800bfae   Data           2  os_dbg.o(.constdata)
    __ctype_table                            0x0800bfb0   Data         129  ctype_o.o(.constdata)
    Region$$Table$$Base                      0x0800c038   Number         0  anon$$obj.o(Region$$Table)
    Region$$Table$$Limit                     0x0800c058   Number         0  anon$$obj.o(Region$$Table)
    syscnt                                   0x20000000   Data           4  stm32f10x_it.o(.data)
    KeyMbox                                  0x20000008   Data           4  main.o(.data)
    LcdMbox                                  0x2000000c   Data           4  main.o(.data)
    SystemCoreClock                          0x20000020   Data           4  system_stm32f10x.o(.data)
    AHBPrescTable                            0x20000024   Data          16  system_stm32f10x.o(.data)
    arr_Index1616                            0x20000034   Data        1326  oled.o(.data)
    data_4byte                               0x20000562   Data           4  oled.o(.data)
    dError                                   0x20000568   Data           8  pid.o(.data)
    Error                                    0x20000570   Data           8  pid.o(.data)
    OSCtxSwCtr                               0x2000058c   Data           4  os_core.o(.data)
    OSEventFreeList                          0x20000590   Data           4  os_core.o(.data)
    OSFlagFreeList                           0x20000594   Data           4  os_core.o(.data)
    OSCPUUsage                               0x20000598   Data           1  os_core.o(.data)
    OSIdleCtrMax                             0x2000059c   Data           4  os_core.o(.data)
    OSIdleCtrRun                             0x200005a0   Data           4  os_core.o(.data)
    OSStatRdy                                0x200005a4   Data           1  os_core.o(.data)
    OSIntNesting                             0x200005a5   Data           1  os_core.o(.data)
    OSLockNesting                            0x200005a6   Data           1  os_core.o(.data)
    OSPrioCur                                0x200005a7   Data           1  os_core.o(.data)
    OSPrioHighRdy                            0x200005a8   Data           1  os_core.o(.data)
    OSRdyGrp                                 0x200005a9   Data           1  os_core.o(.data)
    OSRdyTbl                                 0x200005aa   Data           8  os_core.o(.data)
    OSRunning                                0x200005b2   Data           1  os_core.o(.data)
    OSTaskCtr                                0x200005b3   Data           1  os_core.o(.data)
    OSIdleCtr                                0x200005b4   Data           4  os_core.o(.data)
    OSTCBCur                                 0x200005b8   Data           4  os_core.o(.data)
    OSTCBFreeList                            0x200005bc   Data           4  os_core.o(.data)
    OSTCBHighRdy                             0x200005c0   Data           4  os_core.o(.data)
    OSTCBList                                0x200005c4   Data           4  os_core.o(.data)
    OSTickStepState                          0x200005c8   Data           1  os_core.o(.data)
    OSMemFreeList                            0x200005cc   Data           4  os_core.o(.data)
    OSQFreeList                              0x200005d0   Data           4  os_core.o(.data)
    OSTime                                   0x200005d4   Data           4  os_core.o(.data)
    OSTmrFree                                0x200005d8   Data           2  os_core.o(.data)
    OSTmrUsed                                0x200005da   Data           2  os_core.o(.data)
    OSTmrTime                                0x200005dc   Data           4  os_core.o(.data)
    OSTmrSem                                 0x200005e0   Data           4  os_core.o(.data)
    OSTmrSemSignal                           0x200005e4   Data           4  os_core.o(.data)
    OSTmrFreeList                            0x200005e8   Data           4  os_core.o(.data)
    OSView_CyclesCtr                         0x200005f0   Data           4  os_view.o(.data)
    OSView_TmrCntsPrev                       0x200005f4   Data           2  os_view.o(.data)
    OSView_RxState                           0x200005f6   Data           1  os_view.o(.data)
    OSView_RxRemainLen                       0x200005f7   Data           1  os_view.o(.data)
    OSView_RxChkSum                          0x200005f8   Data           1  os_view.o(.data)
    OSView_RxBufCnt                          0x200005f9   Data           1  os_view.o(.data)
    OSView_RxRdIx                            0x200005fa   Data           1  os_view.o(.data)
    OSView_RxCtr                             0x200005fc   Data           4  os_view.o(.data)
    OSView_RxPktCtr                          0x20000600   Data           2  os_view.o(.data)
    OSView_TxLen                             0x20000602   Data           2  os_view.o(.data)
    OSView_TxIx                              0x20000604   Data           2  os_view.o(.data)
    OSView_TxChkSum                          0x20000606   Data           1  os_view.o(.data)
    OSView_TxState                           0x20000607   Data           1  os_view.o(.data)
    OSView_TxActiveFlag                      0x20000608   Data           1  os_view.o(.data)
    OSView_TxBufCnt                          0x2000060a   Data           2  os_view.o(.data)
    OSView_TxBufPtr                          0x2000060c   Data           4  os_view.o(.data)
    OSView_TxCtr                             0x20000610   Data           4  os_view.o(.data)
    OSView_TxPktCtr                          0x20000614   Data           2  os_view.o(.data)
    OSView_TxStrLen                          0x20000616   Data           2  os_view.o(.data)
    OSView_TxStrDlyCtr                       0x20000618   Data           2  os_view.o(.data)
    OSView_TerminalRxCallbackFnct            0x2000061c   Data           4  os_view.o(.data)
    TaskStkInit                              0x20000624   Data        1600  main.o(.bss)
    TaskStkKey                               0x20000c64   Data        1600  main.o(.bss)
    TaskStkBZ                                0x200012a4   Data        1600  main.o(.bss)
    TaskStkPUMP                              0x200018e4   Data        1600  main.o(.bss)
    TaskStkPC                                0x20001f24   Data        1600  main.o(.bss)
    TaskStkMain                              0x20002564   Data        1600  main.o(.bss)
    frameData                                0x20002ba4   Data          28  communication.o(.bss)
    RCC_ClockFreq                            0x20002bc0   Data          20  rcc.o(.bss)
    PumpCtl                                  0x20002bd8   Data         104  pump.o(.bss)
    Cnt_PID                                  0x20002c40   Data          64  pid.o(.bss)
    OSEventTbl                               0x20002c80   Data         480  os_core.o(.bss)
    OSFlagTbl                                0x20002e60   Data          80  os_core.o(.bss)
    OSTaskStatStk                            0x20002eb0   Data         256  os_core.o(.bss)
    OSTaskIdleStk                            0x20002fb0   Data         128  os_core.o(.bss)
    OSTCBPrioTbl                             0x20003030   Data         256  os_core.o(.bss)
    OSTCBTbl                                 0x20003130   Data        1936  os_core.o(.bss)
    OSMemTbl                                 0x200038c0   Data         120  os_core.o(.bss)
    OSQTbl                                   0x20003938   Data          96  os_core.o(.bss)
    OSTmrTbl                                 0x20003998   Data         640  os_core.o(.bss)
    OSTmrTaskStk                             0x20003c18   Data         256  os_core.o(.bss)
    OSTmrWheelTbl                            0x20003d18   Data          64  os_core.o(.bss)
    OSView_RxBuf                             0x20003d58   Data         128  os_view.o(.bss)
    OSView_TxBuf                             0x20003dd8   Data         128  os_view.o(.bss)
    OSView_TxStrBuf                          0x20003e58   Data         128  os_view.o(.bss)
    __initial_sp                             0x20007ed8   Data           0  startup_stm32f10x_hd.o(STACK)



==============================================================================

Memory Map of the image

  Image Entry point : 0x08000131

  Load Region LR_IROM1 (Base: 0x08000000, Size: 0x0000c67c, Max: 0x00080000, ABSOLUTE, COMPRESSED[0x0000c478])

    Execution Region ER_IROM1 (Base: 0x08000000, Size: 0x0000c058, Max: 0x00080000, ABSOLUTE)

    Base Addr    Size         Type   Attr      Idx    E Section Name        Object

    0x08000000   0x00000130   Data   RO          560    RESET               startup_stm32f10x_hd.o
    0x08000130   0x00000000   Code   RO         1573  * .ARM.Collect$$$$00000000  mc_w.l(entry.o)
    0x08000130   0x00000004   Code   RO         1879    .ARM.Collect$$$$00000001  mc_w.l(entry2.o)
    0x08000134   0x00000004   Code   RO         1882    .ARM.Collect$$$$00000004  mc_w.l(entry5.o)
    0x08000138   0x00000000   Code   RO         1884    .ARM.Collect$$$$00000008  mc_w.l(entry7b.o)
    0x08000138   0x00000000   Code   RO         1886    .ARM.Collect$$$$0000000A  mc_w.l(entry8b.o)
    0x08000138   0x00000008   Code   RO         1887    .ARM.Collect$$$$0000000B  mc_w.l(entry9a.o)
    0x08000140   0x00000000   Code   RO         1889    .ARM.Collect$$$$0000000D  mc_w.l(entry10a.o)
    0x08000140   0x00000000   Code   RO         1891    .ARM.Collect$$$$0000000F  mc_w.l(entry11a.o)
    0x08000140   0x00000004   Code   RO         1880    .ARM.Collect$$$$00002712  mc_w.l(entry2.o)
    0x08000144   0x00000024   Code   RO          561    .text               startup_stm32f10x_hd.o
    0x08000168   0x000000e0   Code   RO         1188    .text               STM32LIB35.lib(misc.o)
    0x08000248   0x000005cc   Code   RO         1268    .text               STM32LIB35.lib(stm32f10x_flash.o)
    0x08000814   0x00000348   Code   RO         1283    .text               STM32LIB35.lib(stm32f10x_gpio.o)
    0x08000b5c   0x00000390   Code   RO         1298    .text               STM32LIB35.lib(stm32f10x_rcc.o)
    0x08000eec   0x00000d62   Code   RO         1315    .text               STM32LIB35.lib(stm32f10x_tim.o)
    0x08001c4e   0x00000002   PAD
    0x08001c50   0x00000408   Code   RO         1330    .text               STM32LIB35.lib(stm32f10x_usart.o)
    0x08002058   0x000000a4   Code   RO         1345    .text               STM32UCOSLIB.lib(os_cpu_a.o)
    0x080020fc   0x00000d54   Code   RO         1348    .text               STM32UCOSLIB.lib(os_core.o)
    0x08002e50   0x0000042c   Code   RO         1374    .text               STM32UCOSLIB.lib(os_mbox.o)
    0x0800327c   0x0000090c   Code   RO         1390    .text               STM32UCOSLIB.lib(os_task.o)
    0x08003b88   0x000001d4   Code   RO         1402    .text               STM32UCOSLIB.lib(os_time.o)
    0x08003d5c   0x0000012c   Code   RO         1414    .text               STM32UCOSLIB.lib(os_cpu_c.o)
    0x08003e88   0x0000015c   Code   RO         1435    .text               STM32UCOSLIB.lib(os_dbg.o)
    0x08003fe4   0x00000864   Code   RO         1450    .text               STM32UCOSLIB.lib(os_flag.o)
    0x08004848   0x00000258   Code   RO         1462    .text               STM32UCOSLIB.lib(os_mem.o)
    0x08004aa0   0x00000654   Code   RO         1474    .text               STM32UCOSLIB.lib(os_q.o)
    0x080050f4   0x000006e0   Code   RO         1486    .text               STM32UCOSLIB.lib(os_tmr.o)
    0x080057d4   0x00000028   Code   RO         1498    .text               STM32UCOSLIB.lib(os_apphooks.o)
    0x080057fc   0x000003e0   Code   RO         1517    .text               STM32UCOSLIB.lib(os_sem.o)
    0x08005bdc   0x000008ec   Code   RO         1529    .text               STM32UCOSLIB.lib(os_view.o)
    0x080064c8   0x00000022   Code   RO         1555    .text               STM32UCOSLIB.lib(os_viewc.o)
    0x080064ea   0x00000024   Code   RO         1576    .text               mc_w.l(memcpya.o)
    0x0800650e   0x00000024   Code   RO         1578    .text               mc_w.l(memseta.o)
    0x08006532   0x00000012   Code   RO         1580    .text               mc_w.l(strcpy.o)
    0x08006544   0x0000001a   Code   RO         1845    .text               mc_w.l(atoi.o)
    0x0800655e   0x00000064   Code   RO         1847    .text               mf_w.l(fmul.o)
    0x080065c2   0x0000007c   Code   RO         1849    .text               mf_w.l(fdiv.o)
    0x0800663e   0x0000014e   Code   RO         1851    .text               mf_w.l(dadd.o)
    0x0800678c   0x000000e4   Code   RO         1853    .text               mf_w.l(dmul.o)
    0x08006870   0x000000de   Code   RO         1855    .text               mf_w.l(ddiv.o)
    0x0800694e   0x00000012   Code   RO         1857    .text               mf_w.l(fflti.o)
    0x08006960   0x0000000a   Code   RO         1859    .text               mf_w.l(ffltui.o)
    0x0800696a   0x00000022   Code   RO         1861    .text               mf_w.l(dflti.o)
    0x0800698c   0x0000001a   Code   RO         1863    .text               mf_w.l(dfltui.o)
    0x080069a6   0x00000028   Code   RO         1865    .text               mf_w.l(ffixui.o)
    0x080069ce   0x0000003e   Code   RO         1867    .text               mf_w.l(dfixi.o)
    0x08006a0c   0x00000032   Code   RO         1869    .text               mf_w.l(dfixui.o)
    0x08006a3e   0x00000026   Code   RO         1871    .text               mf_w.l(f2d.o)
    0x08006a64   0x00000028   Code   RO         1873    .text               mf_w.l(cdcmple.o)
    0x08006a8c   0x00000028   Code   RO         1875    .text               mf_w.l(cdrcmple.o)
    0x08006ab4   0x00000038   Code   RO         1877    .text               mf_w.l(d2f.o)
    0x08006aec   0x0000002c   Code   RO         1896    .text               mc_w.l(uidiv.o)
    0x08006b18   0x0000001e   Code   RO         1900    .text               mc_w.l(llshl.o)
    0x08006b36   0x00000020   Code   RO         1902    .text               mc_w.l(llushr.o)
    0x08006b56   0x00000024   Code   RO         1904    .text               mc_w.l(llsshr.o)
    0x08006b7a   0x00000070   Code   RO         1913    .text               mc_w.l(strtol.o)
    0x08006bea   0x00000000   Code   RO         1915    .text               mc_w.l(iusefp.o)
    0x08006bea   0x0000006e   Code   RO         1916    .text               mf_w.l(fepilogue.o)
    0x08006c58   0x000000b6   Code   RO         1918    .text               mf_w.l(depilogue.o)
    0x08006d0e   0x00000002   PAD
    0x08006d10   0x00000024   Code   RO         1922    .text               mc_w.l(init.o)
    0x08006d34   0x00000008   Code   RO         1925    .text               mc_w.l(ctype_o.o)
    0x08006d3c   0x0000009e   Code   RO         1953    .text               mc_w.l(_strtoul.o)
    0x08006dda   0x0000001c   Code   RO         1956    .text               mc_w.l(_chval.o)
    0x08006df6   0x0000005e   Code   RO         1966    .text               mc_w.l(__dclz77c.o)
    0x08006e54   0x00000004   Code   RO            2    i.BusFault_Handler  stm32f10x_it.o
    0x08006e58   0x00000018   Code   RO          490    i.CalCRC            communication.o
    0x08006e70   0x00000002   Code   RO           12    i.DebugMon_Handler  stm32f10x_it.o
    0x08006e72   0x00000002   Code   RO           13    i.EXTI0_IRQHandler  stm32f10x_it.o
    0x08006e74   0x00000002   Code   RO           14    i.EXTI15_10_IRQHandler  stm32f10x_it.o
    0x08006e76   0x00000002   Code   RO           15    i.EXTI1_IRQHandler  stm32f10x_it.o
    0x08006e78   0x00000002   Code   RO           16    i.EXTI2_IRQHandler  stm32f10x_it.o
    0x08006e7a   0x00000002   Code   RO           17    i.EXTI3_IRQHandler  stm32f10x_it.o
    0x08006e7c   0x00000002   Code   RO           18    i.EXTI4_IRQHandler  stm32f10x_it.o
    0x08006e7e   0x00000002   Code   RO           19    i.EXTI9_5_IRQHandler  stm32f10x_it.o
    0x08006e80   0x00000026   Code   RO          515    i.Erase_Flash       flash.o
    0x08006ea6   0x00000002   Code   RO           20    i.FLASH_IRQHandler  stm32f10x_it.o
    0x08006ea8   0x0000003e   Code   RO          804    i.Fill_RAM          oled.o
    0x08006ee6   0x00000002   PAD
    0x08006ee8   0x000002cc   Code   RO          659    i.GPIO_Configuration  gpio.o
    0x080071b4   0x00000188   Code   RO         1111    i.GetFlowPara       pump.o
    0x0800733c   0x000000d0   Code   RO         1093    i.GetPressure       pressure.o
    0x0800740c   0x00000002   Code   RO           21    i.HardFault_Handler  stm32f10x_it.o
    0x0800740e   0x00000002   Code   RO           22    i.I2C1_ER_IRQHandler  stm32f10x_it.o
    0x08007410   0x00000002   Code   RO           23    i.I2C1_EV_IRQHandler  stm32f10x_it.o
    0x08007412   0x00000002   Code   RO           24    i.I2C2_ER_IRQHandler  stm32f10x_it.o
    0x08007414   0x00000002   Code   RO           25    i.I2C2_EV_IRQHandler  stm32f10x_it.o
    0x08007416   0x00000004   Code   RO           26    i.MemManage_Handler  stm32f10x_it.o
    0x0800741a   0x00000002   Code   RO           27    i.NMI_Handler       stm32f10x_it.o
    0x0800741c   0x0000007e   Code   RO          600    i.NVIC_Configuration  nvic.o
    0x0800749a   0x00000002   PAD
    0x0800749c   0x00000184   Code   RO          805    i.OLED_Initial      oled.o
    0x08007620   0x0000001c   Code   RO          806    i.OLED_SetContrast  oled.o
    0x0800763c   0x00000020   Code   RO          416    i.OSCreateEvent     main.o
    0x0800765c   0x000000f0   Code   RO         1162    i.PID_Calc          pid.o
    0x0800774c   0x00000054   Code   RO         1163    i.PID_Init          pid.o
    0x080077a0   0x00000002   Code   RO           28    i.PVD_IRQHandler    stm32f10x_it.o
    0x080077a2   0x00000002   PAD
    0x080077a4   0x0000009c   Code   RO         1112    i.PumpSetFlow       pump.o
    0x08007840   0x000000f4   Code   RO         1113    i.PumpStart         pump.o
    0x08007934   0x000000dc   Code   RO         1114    i.PumpStop          pump.o
    0x08007a10   0x00000078   Code   RO          612    i.RCC_Configuration  rcc.o
    0x08007a88   0x00000002   Code   RO           29    i.RCC_IRQHandler    stm32f10x_it.o
    0x08007a8a   0x00000002   Code   RO           30    i.RTCAlarm_IRQHandler  stm32f10x_it.o
    0x08007a8c   0x00000002   Code   RO           31    i.RTC_IRQHandler    stm32f10x_it.o
    0x08007a8e   0x00000002   PAD
    0x08007a90   0x00000094   Code   RO         1094    i.ReadADValue       pressure.o
    0x08007b24   0x0000006c   Code   RO          516    i.Read_Flash        flash.o
    0x08007b90   0x00000002   Code   RO           32    i.SPI1_IRQHandler   stm32f10x_it.o
    0x08007b92   0x00000002   Code   RO           33    i.SPI2_IRQHandler   stm32f10x_it.o
    0x08007b94   0x00000002   Code   RO           34    i.SVC_Handler       stm32f10x_it.o
    0x08007b96   0x00000008   Code   RO          566    i.SetSysClock       system_stm32f10x.o
    0x08007b9e   0x00000002   PAD
    0x08007ba0   0x000000e0   Code   RO          567    i.SetSysClockTo72   system_stm32f10x.o
    0x08007c80   0x0000001a   Code   RO          807    i.Set_Column_Address  oled.o
    0x08007c9a   0x00000018   Code   RO          808    i.Set_Remap_Format  oled.o
    0x08007cb2   0x0000001a   Code   RO          809    i.Set_Row_Address   oled.o
    0x08007ccc   0x0000000a   Code   RO          810    i.Set_Write_RAM     oled.o
    0x08007cd6   0x00000064   Code   RO          811    i.ShowASCII1624Str  oled.o
    0x08007d3a   0x0000002e   Code   RO          812    i.ShowASCII816Str   oled.o
    0x08007d68   0x00000154   Code   RO          813    i.ShowBlock         oled.o
    0x08007ebc   0x000000c4   Code   RO          814    i.ShowHZ1616        oled.o
    0x08007f80   0x0000004a   Code   RO          815    i.ShowHZ1616Str     oled.o
    0x08007fca   0x00000002   PAD
    0x08007fcc   0x000000ac   Code   RO          816    i.ShowNUM1624       oled.o
    0x08008078   0x000000a0   Code   RO          817    i.ShowNUM816        oled.o
    0x08008118   0x000000ac   Code   RO          818    i.ShowSYM824        oled.o
    0x080081c4   0x00000048   Code   RO           35    i.SysTick_Handler   stm32f10x_it.o
    0x0800820c   0x00000060   Code   RO          569    i.SystemInit        system_stm32f10x.o
    0x0800826c   0x00000002   Code   RO           36    i.TAMPER_IRQHandler  stm32f10x_it.o
    0x0800826e   0x00000002   Code   RO           37    i.TIM1_BRK_IRQHandler  stm32f10x_it.o
    0x08008270   0x00000002   Code   RO           38    i.TIM1_CC_IRQHandler  stm32f10x_it.o
    0x08008272   0x00000002   Code   RO           39    i.TIM1_TRG_COM_IRQHandler  stm32f10x_it.o
    0x08008274   0x00000002   Code   RO           40    i.TIM1_UP_IRQHandler  stm32f10x_it.o
    0x08008276   0x00000002   PAD
    0x08008278   0x000000d4   Code   RO           41    i.TIM2_IRQHandler   stm32f10x_it.o
    0x0800834c   0x00000340   Code   RO           42    i.TIM3_IRQHandler   stm32f10x_it.o
    0x0800868c   0x000000a4   Code   RO           43    i.TIM4_IRQHandler   stm32f10x_it.o
    0x08008730   0x000000f0   Code   RO          690    i.TIM_Configuration  tim.o
    0x08008820   0x0000003c   Code   RO          417    i.TaskBZ            main.o
    0x0800885c   0x0000009c   Code   RO          418    i.TaskInit          main.o
    0x080088f8   0x00000498   Code   RO          419    i.TaskKey           main.o
    0x08008d90   0x00001b90   Code   RO          466    i.TaskMain          interface.o
    0x0800a920   0x00000414   Code   RO          491    i.TaskPC            communication.o
    0x0800ad34   0x0000000c   Code   RO          420    i.TaskPUMP          main.o
    0x0800ad40   0x00000098   Code   RO           44    i.UART4_IRQHandler  stm32f10x_it.o
    0x0800add8   0x00000020   Code   RO          707    i.UART4_Putc        usart.o
    0x0800adf8   0x0000002c   Code   RO          708    i.UART4_Puts        usart.o
    0x0800ae24   0x0000003c   Code   RO           45    i.USART1_IRQHandler  stm32f10x_it.o
    0x0800ae60   0x0000003c   Code   RO           46    i.USART2_IRQHandler  stm32f10x_it.o
    0x0800ae9c   0x0000003c   Code   RO           47    i.USART3_IRQHandler  stm32f10x_it.o
    0x0800aed8   0x000000a4   Code   RO          716    i.USART_Configuration  usart.o
    0x0800af7c   0x00000002   Code   RO           48    i.USBWakeUp_IRQHandler  stm32f10x_it.o
    0x0800af7e   0x00000004   Code   RO           51    i.UsageFault_Handler  stm32f10x_it.o
    0x0800af82   0x00000002   Code   RO           52    i.WWDG_IRQHandler   stm32f10x_it.o
    0x0800af84   0x00000024   Code   RO          517    i.Write16bit_Flash  flash.o
    0x0800afa8   0x00000128   Code   RO          819    i.Write_Cmd         oled.o
    0x0800b0d0   0x00000128   Code   RO          820    i.Write_Data        oled.o
    0x0800b1f8   0x00000120   Code   RO          520    i.Write_Flash       flash.o
    0x0800b318   0x00000028   Code   RO         1741    i.__0sprintf$6      mc_w.l(printf6.o)
    0x0800b340   0x00000008   Code   RO         1906    i.__aeabi_errno_addr  mc_w.l(errno.o)
    0x0800b348   0x0000000e   Code   RO         1960    i.__scatterload_copy  mc_w.l(handlers.o)
    0x0800b356   0x00000002   Code   RO         1961    i.__scatterload_null  mc_w.l(handlers.o)
    0x0800b358   0x0000000e   Code   RO         1962    i.__scatterload_zeroinit  mc_w.l(handlers.o)
    0x0800b366   0x00000002   PAD
    0x0800b368   0x000002f0   Code   RO         1746    i._printf_core      mc_w.l(printf6.o)
    0x0800b658   0x00000024   Code   RO         1747    i._printf_post_padding  mc_w.l(printf6.o)
    0x0800b67c   0x0000002e   Code   RO         1748    i._printf_pre_padding  mc_w.l(printf6.o)
    0x0800b6aa   0x0000000a   Code   RO         1750    i._sputc            mc_w.l(printf6.o)
    0x0800b6b4   0x00000060   Code   RO          821    i.change            oled.o
    0x0800b714   0x00000008   Code   RO          467    i.interface0        interface.o
    0x0800b71c   0x00000028   Code   RO          421    i.main              main.o
    0x0800b744   0x000006ca   Data   RO          822    .constdata          oled.o
    0x0800be0e   0x0000002c   Data   RO         1118    .constdata          pump.o
    0x0800be3a   0x00000100   Data   RO         1350    .constdata          STM32UCOSLIB.lib(os_core.o)
    0x0800bf3a   0x00000002   PAD
    0x0800bf3c   0x00000074   Data   RO         1436    .constdata          STM32UCOSLIB.lib(os_dbg.o)
    0x0800bfb0   0x00000081   Data   RO         1926    .constdata          mc_w.l(ctype_o.o)
    0x0800c031   0x00000003   PAD
    0x0800c034   0x00000004   Data   RO         1927    .constdata          mc_w.l(ctype_o.o)
    0x0800c038   0x00000020   Data   RO         1958    Region$$Table       anon$$obj.o


    Execution Region RW_IRAM1 (Base: 0x20000000, Size: 0x00007ed8, Max: 0x00010000, ABSOLUTE, COMPRESSED[0x00000420])

    Base Addr    Size         Type   Attr      Idx    E Section Name        Object

    0x20000000   0x00000005   Data   RW           53    .data               stm32f10x_it.o
    0x20000005   0x00000003   PAD
    0x20000008   0x00000008   Data   RW          423    .data               main.o
    0x20000010   0x00000010   Data   RW          521    .data               flash.o
    0x20000020   0x00000014   Data   RW          570    .data               system_stm32f10x.o
    0x20000034   0x00000532   Data   RW          823    .data               oled.o
    0x20000566   0x00000002   PAD
    0x20000568   0x00000010   Data   RW         1165    .data               pid.o
    0x20000578   0x00000014   Data   RW         1299    .data               STM32LIB35.lib(stm32f10x_rcc.o)
    0x2000058c   0x00000060   Data   RW         1351    .data               STM32UCOSLIB.lib(os_core.o)
    0x200005ec   0x00000002   Data   RW         1415    .data               STM32UCOSLIB.lib(os_cpu_c.o)
    0x200005ee   0x00000002   PAD
    0x200005f0   0x00000030   Data   RW         1531    .data               STM32UCOSLIB.lib(os_view.o)
    0x20000620   0x00000004   Data   RW         1909    .data               mc_w.l(errno.o)
    0x20000624   0x00002580   Zero   RW          422    .bss                main.o
    0x20002ba4   0x0000001c   Zero   RW          492    .bss                communication.o
    0x20002bc0   0x00000014   Zero   RW          614    .bss                rcc.o
    0x20002bd4   0x00000004   PAD
    0x20002bd8   0x00000068   Zero   RW         1117    .bss                pump.o
    0x20002c40   0x00000040   Zero   RW         1164    .bss                pid.o
    0x20002c80   0x000010d8   Zero   RW         1349    .bss                STM32UCOSLIB.lib(os_core.o)
    0x20003d58   0x00000180   Zero   RW         1530    .bss                STM32UCOSLIB.lib(os_view.o)
    0x20003ed8   0x00004000   Zero   RW          558    STACK               startup_stm32f10x_hd.o


==============================================================================

Image component sizes


      Code (inc. data)   RO Data    RW Data    ZI Data      Debug   Object Name

      1068        104          0          0         28       7080   communication.o
       470         46          0         16          0       2380   flash.o
       716         24          0          0          0        845   gpio.o
      7064        656          0          0          0       4984   interface.o
      1476         92          0          8       9600       9645   main.o
       126          0          0          0          0        553   nvic.o
      2512         52       1738       1330          0      13866   oled.o
       324         22          0         16         64       6873   pid.o
       356         12          0          0          0       1216   pressure.o
      1012         92         44          0        104       8189   pump.o
       120         18          0          0         20      16294   rcc.o
        36          8        304          0      16384        816   startup_stm32f10x_hd.o
      1682        126          0          5          0     285928   stm32f10x_it.o
       328         28          0         20          0       2145   system_stm32f10x.o
       240          8          0          0          0        600   tim.o
       240         18          0          0          0       1644   usart.o

    ----------------------------------------------------------------------
     17784       1306       2118       1400      26204     363058   Object Totals
         0          0         32          0          0          0   (incl. Generated)
        14          0          0          5          4          0   (incl. Padding)

    ----------------------------------------------------------------------

      Code (inc. data)   RO Data    RW Data    ZI Data      Debug   Library Member Name

       224         20          0          0          0     209601   misc.o
         0          0          0          0          0       8800   stm32f10x_adc.o
      1484         38          0          0          0      14670   stm32f10x_flash.o
       840         38          0          0          0      14209   stm32f10x_gpio.o
       912         32          0         20          0      17712   stm32f10x_rcc.o
      3426         84          0          0          0      42912   stm32f10x_tim.o
      1032         20          0          0          0      14648   stm32f10x_usart.o
        40          0          0          0          0       1543   os_apphooks.o
      3412        286        256         96       4312      19399   os_core.o
       164         32          0          0          0        332   os_cpu_a.o
       300          8          0          2          0      12338   os_cpu_c.o
       348        230        116          0          0       3390   os_dbg.o
      2148         44          0          0          0       6812   os_flag.o
      1068         20          0          0          0      12681   os_mbox.o
       600         16          0          0          0       3228   os_mem.o
      1620         34          0          0          0       5657   os_q.o
       992         22          0          0          0       3878   os_sem.o
      2316         76          0          0          0       7953   os_task.o
       468         28          0          0          0       1782   os_time.o
      1760        130          0          0          0       5541   os_tmr.o
      2284        186          0         48        384       9866   os_view.o
        34          0          0          0          0       9843   os_viewc.o
        94          0          0          0          0          0   __dclz77c.o
        28          0          0          0          0         68   _chval.o
       158          0          0          0          0         92   _strtoul.o
        26          0          0          0          0         80   atoi.o
         8          4        133          0          0         68   ctype_o.o
         0          0          0          0          0          0   entry.o
         0          0          0          0          0          0   entry10a.o
         0          0          0          0          0          0   entry11a.o
         8          4          0          0          0          0   entry2.o
         4          0          0          0          0          0   entry5.o
         0          0          0          0          0          0   entry7b.o
         0          0          0          0          0          0   entry8b.o
         8          4          0          0          0          0   entry9a.o
         8          4          0          4          0         68   errno.o
        30          0          0          0          0          0   handlers.o
        36          8          0          0          0         68   init.o
         0          0          0          0          0          0   iusefp.o
        30          0          0          0          0         68   llshl.o
        36          0          0          0          0         68   llsshr.o
        32          0          0          0          0         68   llushr.o
        36          0          0          0          0         68   memcpya.o
        36          0          0          0          0        108   memseta.o
       884         10          0          0          0        420   printf6.o
        18          0          0          0          0         68   strcpy.o
       112          0          0          0          0         88   strtol.o
        44          0          0          0          0         80   uidiv.o
        40          2          0          0          0         68   cdcmple.o
        40          2          0          0          0         68   cdrcmple.o
        56          0          0          0          0         88   d2f.o
       334          0          0          0          0        148   dadd.o
       222          0          0          0          0        100   ddiv.o
       182          0          0          0          0        176   depilogue.o
        62          0          0          0          0         80   dfixi.o
        50          0          0          0          0         76   dfixui.o
        34          0          0          0          0         76   dflti.o
        26          0          0          0          0         76   dfltui.o
       228          0          0          0          0         96   dmul.o
        38          0          0          0          0         68   f2d.o
       124          0          0          0          0         88   fdiv.o
       110          0          0          0          0        168   fepilogue.o
        40          0          0          0          0         68   ffixui.o
        18          0          0          0          0         68   fflti.o
        10          0          0          0          0         68   ffltui.o
       100          0          0          0          0         76   fmul.o

    ----------------------------------------------------------------------
     28828       1382        510        172       4696     429931   Library Totals
         6          0          5          2          0          0   (incl. Padding)

    ----------------------------------------------------------------------

      Code (inc. data)   RO Data    RW Data    ZI Data      Debug   Library Name

      7918        232          0         20          0     322552   STM32LIB35.lib
     17554       1112        372        146       4696     104243   STM32UCOSLIB.lib
      1636         34        133          4          0       1480   mc_w.l
      1714          4          0          0          0       1656   mf_w.l

    ----------------------------------------------------------------------
     28828       1382        510        172       4696     429931   Library Totals

    ----------------------------------------------------------------------

==============================================================================


      Code (inc. data)   RO Data    RW Data    ZI Data      Debug   

     46612       2688       2628       1572      30900     785035   Grand Totals
     46612       2688       2628       1056      30900     785035   ELF Image Totals (compressed)
     46612       2688       2628       1056          0          0   ROM Totals

==============================================================================

    Total RO  Size (Code + RO Data)                49240 (  48.09kB)
    Total RW  Size (RW Data + ZI Data)             32472 (  31.71kB)
    Total ROM Size (Code + RO Data + RW Data)      50296 (  49.12kB)

==============================================================================

